Archive member included because of file (symbol)

D:\Thesis\Arduino Workspace\arduino_core\328P_16MHz\libarduino_core.a(HardwareSerial.o)
                              ./src/CBoat.o (Serial)
D:\Thesis\Arduino Workspace\arduino_core\328P_16MHz\libarduino_core.a(Print.o)
                              ./arduinolib/SdFile.o (Print::write(unsigned char const*, unsigned int))
D:\Thesis\Arduino Workspace\arduino_core\328P_16MHz\libarduino_core.a(WString.o)
                              ./src/CBoat.o (String::charAt(unsigned int) const)
D:\Thesis\Arduino Workspace\arduino_core\328P_16MHz\libarduino_core.a(main.o)
                              c:/winavr-20100110/bin/../lib/gcc/avr/4.3.3/../../../../avr/lib/avr5/crtm328p.o (main)
D:\Thesis\Arduino Workspace\arduino_core\328P_16MHz\libarduino_core.a(new.o)
                              ./arduinolib/SoftwareSerial.o (__cxa_pure_virtual)
D:\Thesis\Arduino Workspace\arduino_core\328P_16MHz\libarduino_core.a(wiring.o)
                              ./arduinolib/Sd2Card.o (millis)
D:\Thesis\Arduino Workspace\arduino_core\328P_16MHz\libarduino_core.a(wiring_analog.o)
                              ./src/CSensor.o (analogReference)
D:\Thesis\Arduino Workspace\arduino_core\328P_16MHz\libarduino_core.a(wiring_digital.o)
                              ./src/CMotor.o (pinMode)
c:/winavr-20100110/bin/../lib/gcc/avr/4.3.3/../../../../avr/lib/avr5\libm.a(addsf3.o)
                              ./arduinolib/ostream.o (__subsf3)
c:/winavr-20100110/bin/../lib/gcc/avr/4.3.3/../../../../avr/lib/avr5\libm.a(addsf3x.o)
                              c:/winavr-20100110/bin/../lib/gcc/avr/4.3.3/../../../../avr/lib/avr5\libm.a(addsf3.o) (__addsf3x)
c:/winavr-20100110/bin/../lib/gcc/avr/4.3.3/../../../../avr/lib/avr5\libm.a(cmpsf2.o)
                              ./arduinolib/istream.o (__ltsf2)
c:/winavr-20100110/bin/../lib/gcc/avr/4.3.3/../../../../avr/lib/avr5\libm.a(divsf3.o)
                              ./arduinolib/istream.o (__divsf3)
c:/winavr-20100110/bin/../lib/gcc/avr/4.3.3/../../../../avr/lib/avr5\libm.a(divsf3x.o)
                              c:/winavr-20100110/bin/../lib/gcc/avr/4.3.3/../../../../avr/lib/avr5\libm.a(divsf3.o) (__divsf3x)
c:/winavr-20100110/bin/../lib/gcc/avr/4.3.3/../../../../avr/lib/avr5\libm.a(fixsfsi.o)
                              ./arduinolib/ostream.o (__fixsfsi)
c:/winavr-20100110/bin/../lib/gcc/avr/4.3.3/../../../../avr/lib/avr5\libm.a(fixunssfsi.o)
                              ./arduinolib/ostream.o (__fixunssfsi)
c:/winavr-20100110/bin/../lib/gcc/avr/4.3.3/../../../../avr/lib/avr5\libm.a(floatsisf.o)
                              ./arduinolib/istream.o (__floatunsisf)
c:/winavr-20100110/bin/../lib/gcc/avr/4.3.3/../../../../avr/lib/avr5\libm.a(fp_cmp.o)
                              c:/winavr-20100110/bin/../lib/gcc/avr/4.3.3/../../../../avr/lib/avr5\libm.a(cmpsf2.o) (__fp_cmp)
c:/winavr-20100110/bin/../lib/gcc/avr/4.3.3/../../../../avr/lib/avr5\libm.a(fp_inf.o)
                              c:/winavr-20100110/bin/../lib/gcc/avr/4.3.3/../../../../avr/lib/avr5\libm.a(addsf3x.o) (__fp_inf)
c:/winavr-20100110/bin/../lib/gcc/avr/4.3.3/../../../../avr/lib/avr5\libm.a(fp_nan.o)
                              c:/winavr-20100110/bin/../lib/gcc/avr/4.3.3/../../../../avr/lib/avr5\libm.a(addsf3x.o) (__fp_nan)
c:/winavr-20100110/bin/../lib/gcc/avr/4.3.3/../../../../avr/lib/avr5\libm.a(fp_pscA.o)
                              c:/winavr-20100110/bin/../lib/gcc/avr/4.3.3/../../../../avr/lib/avr5\libm.a(addsf3x.o) (__fp_pscA)
c:/winavr-20100110/bin/../lib/gcc/avr/4.3.3/../../../../avr/lib/avr5\libm.a(fp_pscB.o)
                              c:/winavr-20100110/bin/../lib/gcc/avr/4.3.3/../../../../avr/lib/avr5\libm.a(addsf3x.o) (__fp_pscB)
c:/winavr-20100110/bin/../lib/gcc/avr/4.3.3/../../../../avr/lib/avr5\libm.a(fp_round.o)
                              c:/winavr-20100110/bin/../lib/gcc/avr/4.3.3/../../../../avr/lib/avr5\libm.a(addsf3.o) (__fp_round)
c:/winavr-20100110/bin/../lib/gcc/avr/4.3.3/../../../../avr/lib/avr5\libm.a(fp_split3.o)
                              c:/winavr-20100110/bin/../lib/gcc/avr/4.3.3/../../../../avr/lib/avr5\libm.a(addsf3x.o) (__fp_split3)
c:/winavr-20100110/bin/../lib/gcc/avr/4.3.3/../../../../avr/lib/avr5\libm.a(fp_zero.o)
                              c:/winavr-20100110/bin/../lib/gcc/avr/4.3.3/../../../../avr/lib/avr5\libm.a(addsf3x.o) (__fp_zero)
c:/winavr-20100110/bin/../lib/gcc/avr/4.3.3/../../../../avr/lib/avr5\libm.a(gesf2.o)
                              ./arduinolib/istream.o (__gtsf2)
c:/winavr-20100110/bin/../lib/gcc/avr/4.3.3/../../../../avr/lib/avr5\libm.a(mulsf3.o)
                              ./arduinolib/istream.o (__mulsf3)
c:/winavr-20100110/bin/../lib/gcc/avr/4.3.3/../../../../avr/lib/avr5\libm.a(mulsf3x.o)
                              c:/winavr-20100110/bin/../lib/gcc/avr/4.3.3/../../../../avr/lib/avr5\libm.a(mulsf3.o) (__mulsf3x)
c:/winavr-20100110/bin/../lib/gcc/avr/4.3.3/avr5\libgcc.a(_mulsi3.o)
[...]
Memory Configuration

Name             Origin             Length             Attributes
text             0x00000000         0x00020000         xr
data             0x00800060         0x0000ffa0         rw !x
eeprom           0x00810000         0x00010000         rw !x
fuse             0x00820000         0x00000400         rw !x
lock             0x00830000         0x00000400         rw !x
signature        0x00840000         0x00000400         rw !x
*default*        0x00000000         0xffffffff

Linker script and memory map

Address of section .data set to 0x800100
LOAD c:/winavr-20100110/bin/../lib/gcc/avr/4.3.3/../../../../avr/lib/avr5/crtm328p.o
LOAD ./src/CBoat.o
LOAD ./src/CMotor.o
LOAD ./src/CSdCard.o
LOAD ./src/CSensor.o
LOAD ./src/CStateMachine.o
LOAD ./src/CZigbee.o
LOAD ./src/main.o
LOAD ./arduinolib/Sd2Card.o
LOAD ./arduinolib/SdBaseFile.o
LOAD ./arduinolib/SdFat.o
LOAD ./arduinolib/SdFatUtil.o
LOAD ./arduinolib/SdFile.o
LOAD ./arduinolib/SdVolume.o
LOAD ./arduinolib/SoftwareSerial.o
LOAD ./arduinolib/XBee.o
LOAD ./arduinolib/istream.o
LOAD ./arduinolib/ostream.o
LOAD D:\Thesis\Arduino Workspace\arduino_core\328P_16MHz\libarduino_core.a
LOAD c:/winavr-20100110/bin/../lib/gcc/avr/4.3.3/../../../../avr/lib/avr5\libm.a
LOAD c:/winavr-20100110/bin/../lib/gcc/avr/4.3.3/../../../../avr/lib/avr5\libm.a
LOAD c:/winavr-20100110/bin/../lib/gcc/avr/4.3.3/avr5\libgcc.a
LOAD c:/winavr-20100110/bin/../lib/gcc/avr/4.3.3/../../../../avr/lib/avr5\libc.a
LOAD c:/winavr-20100110/bin/../lib/gcc/avr/4.3.3/avr5\libgcc.a

.hash
 *(.hash)

.dynsym
 *(.dynsym)

.dynstr
 *(.dynstr)

.gnu.version
 *(.gnu.version)

.gnu.version_d
 *(.gnu.version_d)

.gnu.version_r
 *(.gnu.version_r)

.rel.init
 *(.rel.init)

.rela.init
 *(.rela.init)

.rel.text
 *(.rel.text)
 *(.rel.text.*)
 *(.rel.gnu.linkonce.t*)

.rela.text
 *(.rela.text)
 *(.rela.text.*)
 *(.rela.gnu.linkonce.t*)

.rel.fini
 *(.rel.fini)

.rela.fini
 *(.rela.fini)

.rel.rodata
 *(.rel.rodata)
 *(.rel.rodata.*)
 *(.rel.gnu.linkonce.r*)

.rela.rodata
 *(.rela.rodata)
 *(.rela.rodata.*)
 *(.rela.gnu.linkonce.r*)

.rel.data
 *(.rel.data)
 *(.rel.data.*)
 *(.rel.gnu.linkonce.d*)

.rela.data
 *(.rela.data)
 *(.rela.data.*)
 *(.rela.gnu.linkonce.d*)

.rel.ctors
 *(.rel.ctors)

.rela.ctors
 *(.rela.ctors)

.rel.dtors
 *(.rel.dtors)

.rela.dtors
 *(.rela.dtors)

.rel.got
 *(.rel.got)

.rela.got
 *(.rela.got)

.rel.bss
 *(.rel.bss)

.rela.bss
 *(.rela.bss)

.rel.plt
 *(.rel.plt)

.rela.plt
 *(.rela.plt)

.text           0x00000000     0x6302
 *(.vectors)
 .vectors       0x00000000       0x68 c:/winavr-20100110/bin/../lib/gcc/avr/4.3.3/../../../../avr/lib/avr5/crtm328p.o
                0x00000000                __vectors
                0x00000000                __vector_default
 *(.vectors)
 *(.progmem.gcc*)
 *(.progmem*)
 .progmem.data  0x00000068       0x10 ./arduinolib/SdBaseFile.o
 .progmem.data  0x00000078       0x90 ./arduinolib/SoftwareSerial.o
 .progmem.data  0x00000108       0x5a D:\Thesis\Arduino Workspace\arduino_core\328P_16MHz\libarduino_core.a(wiring_digital.o)
                0x00000108                port_to_mode_PGM
                0x00000126                digital_pin_to_port_PGM
                0x0000013a                digital_pin_to_bit_mask_PGM
                0x00000112                port_to_output_PGM
                0x0000011c                port_to_input_PGM
                0x0000014e                digital_pin_to_timer_PGM
                0x00000162                . = ALIGN (0x2)
                0x00000162                __trampolines_start = .
 *(.trampolines)
 .trampolines   0x00000162        0x0 linker stubs
 *(.trampolines*)
                0x00000162                __trampolines_end = .
 *(.jumptables)
 *(.jumptables*)
 *(.lowtext)
 *(.lowtext*)
                0x00000162                __ctors_start = .
 *(.ctors)
 .ctors         0x00000162        0x2 ./src/main.o
 .ctors         0x00000164        0x2 ./arduinolib/XBee.o
 .ctors         0x00000166        0x2 D:\Thesis\Arduino Workspace\arduino_core\328P_16MHz\libarduino_core.a(HardwareSerial.o)
                0x00000168                __ctors_end = .
                0x00000168                __dtors_start = .
 *(.dtors)
 .dtors         0x00000168        0x2 ./src/main.o
                0x0000016a                __dtors_end = .
 SORT(*)(.ctors)
 SORT(*)(.dtors)
 *(.init0)
 .init0         0x0000016a        0x0 c:/winavr-20100110/bin/../lib/gcc/avr/4.3.3/../../../../avr/lib/avr5/crtm328p.o
                0x0000016a                __init
 *(.init0)
 *(.init1)
 *(.init1)
 *(.init2)
 .init2         0x0000016a        0xc c:/winavr-20100110/bin/../lib/gcc/avr/4.3.3/../../../../avr/lib/avr5/crtm328p.o
 *(.init2)
 *(.init3)
 *(.init3)
 *(.init4)
 .init4         0x00000176       0x16 c:/winavr-20100110/bin/../lib/gcc/avr/4.3.3/avr5\libgcc.a(_copy_data.o)
                0x00000176                __do_copy_data
 .init4         0x0000018c       0x10 c:/winavr-20100110/bin/../lib/gcc/avr/4.3.3/avr5\libgcc.a(_clear_bss.o)
                0x0000018c                __do_clear_bss
 *(.init4)
 *(.init5)
 *(.init5)
 *(.init6)
 .init6         0x0000019c       0x16 c:/winavr-20100110/bin/../lib/gcc/avr/4.3.3/avr5\libgcc.a(_ctors.o)
                0x0000019c                __do_global_ctors
 *(.init6)
 *(.init7)
 *(.init7)
 *(.init8)
 *(.init8)
 *(.init9)
 .init9         0x000001b2        0x8 c:/winavr-20100110/bin/../lib/gcc/avr/4.3.3/../../../../avr/lib/avr5/crtm328p.o
 *(.init9)
 *(.text)
 .text          0x000001ba        0x4 c:/winavr-20100110/bin/../lib/gcc/avr/4.3.3/../../../../avr/lib/avr5/crtm328p.o
                0x000001ba                __vector_22
                0x000001ba                __vector_1
                0x000001ba                __vector_24
                0x000001ba                __vector_12
                0x000001ba                __bad_interrupt
                0x000001ba                __vector_6
                0x000001ba                __vector_23
                0x000001ba                __vector_25
                0x000001ba                __vector_11
                0x000001ba                __vector_13
                0x000001ba                __vector_17
                0x000001ba                __vector_7
                0x000001ba                __vector_9
                0x000001ba                __vector_2
                0x000001ba                __vector_21
                0x000001ba                __vector_15
                0x000001ba                __vector_8
                0x000001ba                __vector_14
                0x000001ba                __vector_10
                0x000001ba                __vector_20
                0x000001be                . = ALIGN (0x2)
 *(.text.*)
 .text._ZN5CBoat17getCurrentLongLatERlS0_
                0x000001be       0x30 ./src/CBoat.o
                0x000001be                CBoat::getCurrentLongLat(long&, long&)
 .text._ZN5CBoat11getHomeBaseERlS0_
                0x000001ee       0x30 ./src/CBoat.o
                0x000001ee                CBoat::getHomeBase(long&, long&)
 .text._ZN5CBoat17getCurrentBearingEv
                0x0000021e        0x8 ./src/CBoat.o
                0x0000021e                CBoat::getCurrentBearing()
 .text._ZN5CBoat19storeCurrentCompassEv
                0x00000226       0xaa ./src/CBoat.o
                0x00000226                CBoat::storeCurrentCompass()
 .text._ZN5CBoat8getGPRMCEv
                0x000002d0      0x12c ./src/CBoat.o
                0x000002d0                CBoat::getGPRMC()
 .text._ZN5CBoat21getLongAndLatDateTimeEv
                0x000003fc      0x260 ./src/CBoat.o
                0x000003fc                CBoat::getLongAndLatDateTime()
 .text._ZN5CBoat14readAndWriteLLEv
                0x0000065c      0x122 ./src/CBoat.o
                0x0000065c                CBoat::readAndWriteLL()
 .text._ZN5CBoat13getLongAndLatEv
                0x0000077e      0x1c2 ./src/CBoat.o
                0x0000077e                CBoat::getLongAndLat()
 .text._ZN5CBoat19storeCurrentLongLatEv
                0x00000940      0x218 ./src/CBoat.o
                0x00000940                CBoat::storeCurrentLongLat()
 .text._ZN5CBoat16storeHomeLongLatEv
                0x00000b58      0x218 ./src/CBoat.o
                0x00000b58                CBoat::storeHomeLongLat()
 .text._ZN5CBoat18readAndSendLongLatEv
                0x00000d70       0xfa ./src/CBoat.o
                0x00000d70                CBoat::readAndSendLongLat()
 .text._ZN5CBoat27readSensorsAndWriteToSdCardEv
                0x00000e6a      0x2fc ./src/CBoat.o
                0x00000e6a                CBoat::readSensorsAndWriteToSdCard()
 .text._ZN5CBoat18readAndSendSensorsEv
                0x00001166      0x2c8 ./src/CBoat.o
                0x00001166                CBoat::readAndSendSensors()
 .text._ZN5CBoat4moveEN5MOTOR13tMovementModeE
                0x0000142e       0x60 ./src/CBoat.o
                0x0000142e                CBoat::move(MOTOR::tMovementMode)
 .text._ZN5CBoat4initEv
                0x0000148e       0x2e ./src/CBoat.o
                0x0000148e                CBoat::init()
 .text._ZN5CBoatD1Ev
                0x000014bc       0x7c ./src/CBoat.o
                0x000014bc                CBoat::~CBoat()
 .text._ZN5CBoatC1Ev
                0x00001538       0x9c ./src/CBoat.o
                0x00001538                CBoat::CBoat()
 .text._ZN6CMotorC1Ev
                0x000015d4        0x2 ./src/CMotor.o
                0x000015d4                CMotor::CMotor()
 .text._ZN6CMotorD1Ev
                0x000015d6        0x2 ./src/CMotor.o
                0x000015d6                CMotor::~CMotor()
 .text._ZN6CMotor4slowEv
                0x000015d8        0xc ./src/CMotor.o
                0x000015d8                CMotor::slow()
 .text._ZN6CMotor7forwardEv
                0x000015e4        0xc ./src/CMotor.o
                0x000015e4                CMotor::forward()
 .text._ZN6CMotor7startUpEv
                0x000015f0       0x3a ./src/CMotor.o
                0x000015f0                CMotor::startUp()
 .text._ZN6CMotor4stopEv
                0x0000162a       0x1c ./src/CMotor.o
                0x0000162a                CMotor::stop()
 .text._ZN6CMotor5rightEv
                0x00001646        0xa ./src/CMotor.o
                0x00001646                CMotor::right()
 .text._ZN6CMotor4leftEv
                0x00001650        0xa ./src/CMotor.o
                0x00001650                CMotor::left()
 .text._ZN6CMotor9initMotorEv
                0x0000165a       0x1a ./src/CMotor.o
                0x0000165a                CMotor::initMotor()
 .text._ZN7CSdCardC1Ev
                0x00001674       0x2c ./src/CSdCard.o
                0x00001674                CSdCard::CSdCard()
 .text._ZN7CSdCard7writelnEv
                0x000016a0       0x4e ./src/CSdCard.o
                0x000016a0                CSdCard::writeln()
 .text._ZN7CSdCardD1Ev
                0x000016ee       0x3a ./src/CSdCard.o
                0x000016ee                CSdCard::~CSdCard()
 .text._ZN7CSdCard6writeCEc
                0x00001728       0x52 ./src/CSdCard.o
                0x00001728                CSdCard::writeC(char)
 .text._ZN7CSdCard5writeEi
                0x0000177a       0x66 ./src/CSdCard.o
                0x0000177a                CSdCard::write(int)
 .text._ZN7CSensor7initGPSEv
                0x000017e0       0x32 ./src/CSensor.o
                0x000017e0                CSensor::initGPS()
 .text._ZN7CSensor7readGPSER6String
                0x00001812      0x110 ./src/CSensor.o
                0x00001812                CSensor::readGPS(String&)
 .text._ZN7CSensor11readCompassER6String
                0x00001922      0x13e ./src/CSensor.o
                0x00001922                CSensor::readCompass(String&)
 .text._ZN7CSensor12readSalinityER6String
                0x00001a60      0x120 ./src/CSensor.o
                0x00001a60                CSensor::readSalinity(String&)
 .text._ZN7CSensor6readPhERi
                0x00001b80       0x18 ./src/CSensor.o
                0x00001b80                CSensor::readPh(int&)
 .text._ZN7CSensor15readTemperatureERi
                0x00001b98       0x18 ./src/CSensor.o
                0x00001b98                CSensor::readTemperature(int&)
 .text._ZN7CSensor11initSensorsEv
                0x00001bb0       0x9e ./src/CSensor.o
                0x00001bb0                CSensor::initSensors()
 .text._ZN7CSensorD1Ev
                0x00001c4e        0x8 ./src/CSensor.o
                0x00001c4e                CSensor::~CSensor()
 .text._ZN7CSensorC1Ev
                0x00001c56        0xc ./src/CSensor.o
                0x00001c56                CSensor::CSensor()
 .text._ZN13CStateMachine12getNextStateEv
                0x00001c62        0x8 ./src/CStateMachine.o
                0x00001c62                CStateMachine::getNextState()
 .text._ZN13CStateMachine4turnEN5MOTOR13tMovementModeEi
                0x00001c6a       0x50 ./src/CStateMachine.o
                0x00001c6a                CStateMachine::turn(MOTOR::tMovementMode, int)
 .text._ZN13CStateMachine7forwardEi
                0x00001cba       0x4a ./src/CStateMachine.o
                0x00001cba                CStateMachine::forward(int)
 .text._ZN13CStateMachine11stGoingHomeEiii
                0x00001d04      0x254 ./src/CStateMachine.o
                0x00001d04                CStateMachine::stGoingHome(int, int, int)
 .text._ZN13CStateMachine6stStopEv
                0x00001f58       0x18 ./src/CStateMachine.o
                0x00001f58                CStateMachine::stStop()
 .text._ZN13CStateMachine9stForwardEii
                0x00001f70      0x1be ./src/CStateMachine.o
                0x00001f70                CStateMachine::stForward(int, int)
 .text._ZN13CStateMachine9stWritingEv
                0x0000212e       0xa6 ./src/CStateMachine.o
                0x0000212e                CStateMachine::stWriting()
 .text._ZN13CStateMachine9stSendingEv
                0x000021d4       0x92 ./src/CStateMachine.o
                0x000021d4                CStateMachine::stSending()
 .text._ZN13CStateMachine15stStoreHomeBaseEv
                0x00002266       0xa4 ./src/CStateMachine.o
                0x00002266                CStateMachine::stStoreHomeBase()
 .text._ZN13CStateMachine16initStateMachineEv
                0x0000230a       0x2e ./src/CStateMachine.o
                0x0000230a                CStateMachine::initStateMachine()
 .text._ZN7CZigBeeD1Ev
                0x00002338        0x2 ./src/CZigbee.o
                0x00002338                CZigBee::~CZigBee()
 .text._ZN7CZigBee10sendDataLLEPhi
                0x0000233a       0x60 ./src/CZigbee.o
                0x0000233a                CZigBee::sendDataLL(unsigned char*, int)
 .text._ZN7CZigBee8sendDataEPhi
                0x0000239a       0x62 ./src/CZigbee.o
                0x0000239a                CZigBee::sendData(unsigned char*, int)
 .text._ZN7CZigBee10initZigBeeEv
                0x000023fc      0x142 ./src/CZigbee.o
                0x000023fc                CZigBee::initZigBee()
 .text._ZN7CZigBeeC1Ev
                0x0000253e       0x44 ./src/CZigbee.o
                0x0000253e                CZigBee::CZigBee()
 .text._Z41__static_initialization_and_destruction_0ii
                0x00002582       0x2a ./src/main.o
 .text._GLOBAL__D_myStateMachine
                0x000025ac        0xe ./src/main.o
 .text._GLOBAL__I_myStateMachine
                0x000025ba        0xe ./src/main.o
 .text.loop     0x000025c8       0x98 ./src/main.o
                0x000025c8                loop
 .text.setup    0x00002660        0xa ./src/main.o
                0x00002660                setup
 .text._ZN7Sd2Card11waitNotBusyEj
                0x0000266a       0x46 ./arduinolib/Sd2Card.o
                0x0000266a                Sd2Card::waitNotBusy(unsigned int)
 .text._ZN7Sd2Card13chipSelectLowEv
                0x000026b0       0x2e ./arduinolib/Sd2Card.o
                0x000026b0                Sd2Card::chipSelectLow()
 .text._ZN7Sd2Card11cardCommandEhm
                0x000026de       0xb6 ./arduinolib/Sd2Card.o
                0x000026de                Sd2Card::cardCommand(unsigned char, unsigned long)
 .text._ZN7Sd2Card14chipSelectHighEv
                0x00002794       0x16 ./arduinolib/Sd2Card.o
                0x00002794                Sd2Card::chipSelectHigh()
 .text._ZN7Sd2Card9writeDataEhPKh
                0x000027aa       0x74 ./arduinolib/Sd2Card.o
                0x000027aa                Sd2Card::writeData(unsigned char, unsigned char const*)
 .text._ZN7Sd2Card10writeBlockEmPKh
                0x0000281e       0xac ./arduinolib/Sd2Card.o
                0x0000281e                Sd2Card::writeBlock(unsigned long, unsigned char const*)
 .text._ZN7Sd2Card8readDataEPhj
                0x000028ca       0xca ./arduinolib/Sd2Card.o
                0x000028ca                Sd2Card::readData(unsigned char*, unsigned int)
 .text._ZN7Sd2Card9readBlockEmPh
                0x00002994       0x68 ./arduinolib/Sd2Card.o
                0x00002994                Sd2Card::readBlock(unsigned long, unsigned char*)
 .text._ZN7Sd2Card4initEhh
                0x000029fc      0x1a8 ./arduinolib/Sd2Card.o
                0x000029fc                Sd2Card::init(unsigned char, unsigned char)
 .text._ZN10SdBaseFile10make83NameEPKcPhPS1_
                0x00002ba4       0x9c ./arduinolib/SdBaseFile.o
                0x00002ba4                SdBaseFile::make83Name(char const*, unsigned char*, char const**)
 .text._ZN10SdBaseFile7seekSetEm
                0x00002c40      0x152 ./arduinolib/SdBaseFile.o
                0x00002c40                SdBaseFile::seekSet(unsigned long)
 .text._ZN10SdBaseFile13cacheDirEntryEh
                0x00002d92       0x42 ./arduinolib/SdBaseFile.o
                0x00002d92                SdBaseFile::cacheDirEntry(unsigned char)
 .text._ZN10SdBaseFile4syncEv
                0x00002dd4       0xa0 ./arduinolib/SdBaseFile.o
                0x00002dd4                SdBaseFile::sync()
 .text._ZN10SdBaseFile5closeEv
                0x00002e74       0x14 ./arduinolib/SdBaseFile.o
                0x00002e74                SdBaseFile::close()
 .text._ZN10SdBaseFileD1Ev
                0x00002e88       0x10 ./arduinolib/SdBaseFile.o
                0x00002e88                SdBaseFile::~SdBaseFile()
 .text._ZN10SdBaseFile8truncateEm
                0x00002e98      0x19a ./arduinolib/SdBaseFile.o
                0x00002e98                SdBaseFile::truncate(unsigned long)
 .text._ZN10SdBaseFile4readEPvj
                0x00003032      0x20a ./arduinolib/SdBaseFile.o
                0x00003032                SdBaseFile::read(void*, unsigned int)
 .text._ZN10SdBaseFile4readEv
                0x0000323c       0x32 ./arduinolib/SdBaseFile.o
                0x0000323c                SdBaseFile::read()
 .text._ZN10SdBaseFile12readDirCacheEv
                0x0000326e       0x76 ./arduinolib/SdBaseFile.o
                0x0000326e                SdBaseFile::readDirCache()
 .text._ZN10SdBaseFile8openRootEP8SdVolume
                0x000032e4       0xa6 ./arduinolib/SdBaseFile.o
                0x000032e4                SdBaseFile::openRoot(SdVolume*)
 .text._ZN10SdBaseFile15openCachedEntryEhh
                0x0000338a      0x112 ./arduinolib/SdBaseFile.o
                0x0000338a                SdBaseFile::openCachedEntry(unsigned char, unsigned char)
 .text._ZN10SdBaseFile10addClusterEv
                0x0000349c       0x4e ./arduinolib/SdBaseFile.o
                0x0000349c                SdBaseFile::addCluster()
 .text._ZN10SdBaseFile5writeEPKvj
                0x000034ea      0x364 ./arduinolib/SdBaseFile.o
                0x000034ea                SdBaseFile::write(void const*, unsigned int)
 .text._ZN10SdBaseFile13addDirClusterEv
                0x0000384e      0x118 ./arduinolib/SdBaseFile.o
                0x0000384e                SdBaseFile::addDirCluster()
 .text._ZN10SdBaseFile4openEPS_PKhh
                0x00003966      0x198 ./arduinolib/SdBaseFile.o
                0x00003966                SdBaseFile::open(SdBaseFile*, unsigned char const*, unsigned char)
 .text._ZN10SdBaseFile4openEPS_PKch
                0x00003afe      0x1a4 ./arduinolib/SdBaseFile.o
                0x00003afe                SdBaseFile::open(SdBaseFile*, char const*, unsigned char)
 .text._ZN10SdBaseFile4openEPKch
                0x00003ca2       0x14 ./arduinolib/SdBaseFile.o
                0x00003ca2                SdBaseFile::open(char const*, unsigned char)
 .text._ZN5SdFat5chdirEb
                0x00003cb6       0x3a ./arduinolib/SdFat.o
                0x00003cb6                SdFat::chdir(bool)
 .text._ZN5SdFat4initEhh
                0x00003cf0       0x50 ./arduinolib/SdFat.o
                0x00003cf0                SdFat::init(unsigned char, unsigned char)
 .text._ZN6SdFile5writeEh
                0x00003d40       0x32 ./arduinolib/SdFile.o
                0x00003d40                SdFile::write(unsigned char)
 .text._ZN8SdVolume10cacheFlushEv
                0x00003d72       0x76 ./arduinolib/SdVolume.o
                0x00003d72                SdVolume::cacheFlush()
 .text._ZN8SdVolume13cacheRawBlockEmb
                0x00003de8       0x78 ./arduinolib/SdVolume.o
                0x00003de8                SdVolume::cacheRawBlock(unsigned long, bool)
 .text._ZN8SdVolume4initEP7Sd2Cardh
                0x00003e60      0x2ce ./arduinolib/SdVolume.o
                0x00003e60                SdVolume::init(Sd2Card*, unsigned char)
 .text._ZN8SdVolume6fatPutEmm
                0x0000412e      0x10e ./arduinolib/SdVolume.o
                0x0000412e                SdVolume::fatPut(unsigned long, unsigned long)
 .text._ZN8SdVolume6fatGetEmPm
                0x0000423c       0xec ./arduinolib/SdVolume.o
                0x0000423c                SdVolume::fatGet(unsigned long, unsigned long*)
 .text._ZN8SdVolume9freeChainEm
                0x00004328       0xbc ./arduinolib/SdVolume.o
                0x00004328                SdVolume::freeChain(unsigned long)
 .text._ZN8SdVolume9chainSizeEmPm
                0x000043e4       0xd8 ./arduinolib/SdVolume.o
                0x000043e4                SdVolume::chainSize(unsigned long, unsigned long*)
 .text._ZN8SdVolume15allocContiguousEmPm
                0x000044bc      0x21e ./arduinolib/SdVolume.o
                0x000044bc                SdVolume::allocContiguous(unsigned long, unsigned long*)
 .text._ZN14SoftwareSerial6listenEv
                0x000046da       0x38 ./arduinolib/SoftwareSerial.o
                0x000046da                SoftwareSerial::listen()
 .text._ZN14SoftwareSerial4recvEv
                0x00004712       0xd4 ./arduinolib/SoftwareSerial.o
                0x00004712                SoftwareSerial::recv()
 .text._ZN14SoftwareSerial16handle_interruptEv
                0x000047e6       0x12 ./arduinolib/SoftwareSerial.o
                0x000047e6                SoftwareSerial::handle_interrupt()
 .text.__vector_3
                0x000047f8       0x48 ./arduinolib/SoftwareSerial.o
                0x000047f8                __vector_3
 .text.__vector_4
                0x00004840       0x48 ./arduinolib/SoftwareSerial.o
                0x00004840                __vector_4
 .text.__vector_5
                0x00004888       0x48 ./arduinolib/SoftwareSerial.o
                0x00004888                __vector_5
 .text._ZN14SoftwareSerial5beginEl
                0x000048d0      0x152 ./arduinolib/SoftwareSerial.o
                0x000048d0                SoftwareSerial::begin(long)
 .text._ZN14SoftwareSerial4readEv
                0x00004a22       0x42 ./arduinolib/SoftwareSerial.o
                0x00004a22                SoftwareSerial::read()
 .text._ZN14SoftwareSerial9availableEv
                0x00004a64       0x34 ./arduinolib/SoftwareSerial.o
                0x00004a64                SoftwareSerial::available()
 .text._ZN14SoftwareSerial5writeEh
                0x00004a98      0x164 ./arduinolib/SoftwareSerial.o
                0x00004a98                SoftwareSerial::write(unsigned char)
 .text._ZN14SoftwareSerial5flushEv
                0x00004bfc       0x22 ./arduinolib/SoftwareSerial.o
                0x00004bfc                SoftwareSerial::flush()
 .text._ZN14SoftwareSerial4peekEv
                0x00004c1e       0x38 ./arduinolib/SoftwareSerial.o
                0x00004c1e                SoftwareSerial::peek()
 .text._ZN14SoftwareSerial5setRXEh
                0x00004c56       0x56 ./arduinolib/SoftwareSerial.o
                0x00004c56                SoftwareSerial::setRX(unsigned char)
 .text._ZN14SoftwareSerial5setTXEh
                0x00004cac       0x56 ./arduinolib/SoftwareSerial.o
                0x00004cac                SoftwareSerial::setTX(unsigned char)
 .text._ZN14SoftwareSerialC1Ehhb
                0x00004d02       0x5c ./arduinolib/SoftwareSerial.o
                0x00004d02                SoftwareSerial::SoftwareSerial(unsigned char, unsigned char, bool)
 .text._ZN12XBeeResponseC1Ev
                0x00004d5e        0x2 ./arduinolib/XBee.o
                0x00004d5e                XBeeResponse::XBeeResponse()
 .text._ZN12Rx64ResponseC1Ev
                0x00004d60       0x40 ./arduinolib/XBee.o
                0x00004d60                Rx64Response::Rx64Response()
 .text._ZN12Rx16ResponseC1Ev
                0x00004da0        0xc ./arduinolib/XBee.o
                0x00004da0                Rx16Response::Rx16Response()
 .text._ZN16TxStatusResponseC1Ev
                0x00004dac        0x2 ./arduinolib/XBee.o
                0x00004dac                TxStatusResponse::TxStatusResponse()
 .text._ZN10RxResponse13getDataLengthEv
                0x00004dae       0x20 ./arduinolib/XBee.o
                0x00004dae                RxResponse::getDataLength()
 .text._ZN10RxResponse13getDataOffsetEv
                0x00004dce       0x16 ./arduinolib/XBee.o
                0x00004dce                RxResponse::getDataOffset()
 .text._ZN12Rx16Response13getRssiOffsetEv
                0x00004de4        0x4 ./arduinolib/XBee.o
                0x00004de4                Rx16Response::getRssiOffset()
 .text._ZN12Rx64Response13getRssiOffsetEv
                0x00004de8        0x4 ./arduinolib/XBee.o
                0x00004de8                Rx64Response::getRssiOffset()
 .text._ZN4XBeeC1Ev
                0x00004dec       0x24 ./arduinolib/XBee.o
                0x00004dec                XBee::XBee()
 .text._ZN4XBee5flushEv
                0x00004e10       0x1c ./arduinolib/XBee.o
                0x00004e10                XBee::flush()
 .text._ZN13XBeeAddress64C1Ev
                0x00004e2c        0x2 ./arduinolib/XBee.o
                0x00004e2c                XBeeAddress64::XBeeAddress64()
 .text._ZN13XBeeAddress64C1Emm
                0x00004e2e       0x1c ./arduinolib/XBee.o
                0x00004e2e                XBeeAddress64::XBeeAddress64(unsigned long, unsigned long)
 .text._ZN11Tx64RequestC1ER13XBeeAddress64Phh
                0x00004e4a       0x32 ./arduinolib/XBee.o
                0x00004e4a                Tx64Request::Tx64Request(XBeeAddress64&, unsigned char*, unsigned char)
 .text._ZN11Tx64Request12getFrameDataEh
                0x00004e7c       0x6e ./arduinolib/XBee.o
                0x00004e7c                Tx64Request::getFrameData(unsigned char)
 .text._ZN11Tx64Request18getFrameDataLengthEv
                0x00004eea        0x8 ./arduinolib/XBee.o
                0x00004eea                Tx64Request::getFrameDataLength()
 .text._ZN4XBee8sendByteEhb
                0x00004ef2       0x8a ./arduinolib/XBee.o
                0x00004ef2                XBee::sendByte(unsigned char, bool)
 .text._ZN4XBee4sendER11XBeeRequest
                0x00004f7c       0xe0 ./arduinolib/XBee.o
                0x00004f7c                XBee::send(XBeeRequest&)
 .text._GLOBAL__I__ZN12XBeeResponseC2Ev
                0x0000505c       0x2a ./arduinolib/XBee.o
 .text._ZN4XBee5beginEl
                0x00005086       0x10 ./arduinolib/XBee.o
                0x00005086                XBee::begin(long)
 .text._Z11serialEventv
                0x00005096        0x2 D:\Thesis\Arduino Workspace\arduino_core\328P_16MHz\libarduino_core.a(HardwareSerial.o)
                0x00005096                serialEvent()
 .text.__vector_18
                0x00005098       0x68 D:\Thesis\Arduino Workspace\arduino_core\328P_16MHz\libarduino_core.a(HardwareSerial.o)
                0x00005098                __vector_18
 .text._Z14serialEventRunv
                0x00005100       0x26 D:\Thesis\Arduino Workspace\arduino_core\328P_16MHz\libarduino_core.a(HardwareSerial.o)
                0x00005100                serialEventRun()
 .text.__vector_19
                0x00005126       0x92 D:\Thesis\Arduino Workspace\arduino_core\328P_16MHz\libarduino_core.a(HardwareSerial.o)
                0x00005126                __vector_19
 .text._ZN14HardwareSerial5beginEm
                0x000051b8      0x10c D:\Thesis\Arduino Workspace\arduino_core\328P_16MHz\libarduino_core.a(HardwareSerial.o)
                0x000051b8                HardwareSerial::begin(unsigned long)
 .text._ZN14HardwareSerial9availableEv
                0x000052c4       0x22 D:\Thesis\Arduino Workspace\arduino_core\328P_16MHz\libarduino_core.a(HardwareSerial.o)
                0x000052c4                HardwareSerial::available()
 .text._ZN14HardwareSerial4peekEv
                0x000052e6       0x40 D:\Thesis\Arduino Workspace\arduino_core\328P_16MHz\libarduino_core.a(HardwareSerial.o)
                0x000052e6                HardwareSerial::peek()
 .text._ZN14HardwareSerial4readEv
                0x00005326       0x52 D:\Thesis\Arduino Workspace\arduino_core\328P_16MHz\libarduino_core.a(HardwareSerial.o)
                0x00005326                HardwareSerial::read()
 .text._ZN14HardwareSerial5flushEv
                0x00005378       0x24 D:\Thesis\Arduino Workspace\arduino_core\328P_16MHz\libarduino_core.a(HardwareSerial.o)
                0x00005378                HardwareSerial::flush()
 .text._ZN14HardwareSerial5writeEh
                0x0000539c       0x78 D:\Thesis\Arduino Workspace\arduino_core\328P_16MHz\libarduino_core.a(HardwareSerial.o)
                0x0000539c                HardwareSerial::write(unsigned char)
 .text._GLOBAL__I_rx_buffer
                0x00005414       0xa0 D:\Thesis\Arduino Workspace\arduino_core\328P_16MHz\libarduino_core.a(HardwareSerial.o)
 .text._ZN5Print5writeEPKhj
                0x000054b4       0x54 D:\Thesis\Arduino Workspace\arduino_core\328P_16MHz\libarduino_core.a(Print.o)
                0x000054b4                Print::write(unsigned char const*, unsigned int)
 .text._ZN5Print5printEc
                0x00005508       0x10 D:\Thesis\Arduino Workspace\arduino_core\328P_16MHz\libarduino_core.a(Print.o)
                0x00005508                Print::print(char)
 .text._ZN5Print7printlnEv
                0x00005518       0x40 D:\Thesis\Arduino Workspace\arduino_core\328P_16MHz\libarduino_core.a(Print.o)
                0x00005518                Print::println()
 .text._ZN5Print5writeEPKc
                0x00005558       0x28 D:\Thesis\Arduino Workspace\arduino_core\328P_16MHz\libarduino_core.a(Print.o)
                0x00005558                Print::write(char const*)
 .text._ZN5Print11printNumberEmh
                0x00005580       0xc8 D:\Thesis\Arduino Workspace\arduino_core\328P_16MHz\libarduino_core.a(Print.o)
                0x00005580                Print::printNumber(unsigned long, unsigned char)
 .text._ZN5Print5printEli
                0x00005648       0x80 D:\Thesis\Arduino Workspace\arduino_core\328P_16MHz\libarduino_core.a(Print.o)
                0x00005648                Print::print(long, int)
 .text._ZN5Print5printEii
                0x000056c8       0x26 D:\Thesis\Arduino Workspace\arduino_core\328P_16MHz\libarduino_core.a(Print.o)
                0x000056c8                Print::print(int, int)
 .text._ZN5Print5printEPKc
                0x000056ee        0x6 D:\Thesis\Arduino Workspace\arduino_core\328P_16MHz\libarduino_core.a(Print.o)
                0x000056ee                Print::print(char const*)
 .text._ZN5Print7printlnEPKc
                0x000056f4       0x26 D:\Thesis\Arduino Workspace\arduino_core\328P_16MHz\libarduino_core.a(Print.o)
                0x000056f4                Print::println(char const*)
 .text._ZN5Print5printERK6String
                0x0000571a       0x66 D:\Thesis\Arduino Workspace\arduino_core\328P_16MHz\libarduino_core.a(Print.o)
                0x0000571a                Print::print(String const&)
 .text._ZN5Print7printlnERK6String
                0x00005780       0x28 D:\Thesis\Arduino Workspace\arduino_core\328P_16MHz\libarduino_core.a(Print.o)
                0x00005780                Print::println(String const&)
 .text._ZNK6String6charAtEj
                0x000057a8       0x22 D:\Thesis\Arduino Workspace\arduino_core\328P_16MHz\libarduino_core.a(WString.o)
                0x000057a8                String::charAt(unsigned int) const
 .text._ZNK6StringixEj
                0x000057ca       0x22 D:\Thesis\Arduino Workspace\arduino_core\328P_16MHz\libarduino_core.a(WString.o)
                0x000057ca                String::operator[](unsigned int) const
 .text._ZNK6String5toIntEv
                0x000057ec       0x22 D:\Thesis\Arduino Workspace\arduino_core\328P_16MHz\libarduino_core.a(WString.o)
                0x000057ec                String::toInt() const
 .text._ZN6String12changeBufferEj
                0x0000580e       0x34 D:\Thesis\Arduino Workspace\arduino_core\328P_16MHz\libarduino_core.a(WString.o)
                0x0000580e                String::changeBuffer(unsigned int)
 .text._ZN6String7reserveEj
                0x00005842       0x38 D:\Thesis\Arduino Workspace\arduino_core\328P_16MHz\libarduino_core.a(WString.o)
                0x00005842                String::reserve(unsigned int)
 .text._ZN6String10invalidateEv
                0x0000587a       0x24 D:\Thesis\Arduino Workspace\arduino_core\328P_16MHz\libarduino_core.a(WString.o)
                0x0000587a                String::invalidate()
 .text._ZN6String4copyEPKcj
                0x0000589e       0x42 D:\Thesis\Arduino Workspace\arduino_core\328P_16MHz\libarduino_core.a(WString.o)
                0x0000589e                String::copy(char const*, unsigned int)
 .text._ZN6StringC1EPKc
                0x000058e0       0x34 D:\Thesis\Arduino Workspace\arduino_core\328P_16MHz\libarduino_core.a(WString.o)
                0x000058e0                String::String(char const*)
 .text._ZN6StringaSEPKc
                0x00005914       0x32 D:\Thesis\Arduino Workspace\arduino_core\328P_16MHz\libarduino_core.a(WString.o)
                0x00005914                String::operator=(char const*)
 .text._ZN6StringD1Ev
                0x00005946        0xc D:\Thesis\Arduino Workspace\arduino_core\328P_16MHz\libarduino_core.a(WString.o)
                0x00005946                String::~String()
 .text.main     0x00005952       0x1e D:\Thesis\Arduino Workspace\arduino_core\328P_16MHz\libarduino_core.a(main.o)
                0x00005952                main
 .text._Znwj    0x00005970        0x6 D:\Thesis\Arduino Workspace\arduino_core\328P_16MHz\libarduino_core.a(new.o)
                0x00005970                operator new(unsigned int)
 .text.__vector_16
                0x00005976       0x90 D:\Thesis\Arduino Workspace\arduino_core\328P_16MHz\libarduino_core.a(wiring.o)
                0x00005976                __vector_16
 .text.millis   0x00005a06       0x1c D:\Thesis\Arduino Workspace\arduino_core\328P_16MHz\libarduino_core.a(wiring.o)
                0x00005a06                millis
 .text.micros   0x00005a22       0x4c D:\Thesis\Arduino Workspace\arduino_core\328P_16MHz\libarduino_core.a(wiring.o)
                0x00005a22                micros
 .text.delay    0x00005a6e       0x4c D:\Thesis\Arduino Workspace\arduino_core\328P_16MHz\libarduino_core.a(wiring.o)
                0x00005a6e                delay
 .text.init     0x00005aba       0x76 D:\Thesis\Arduino Workspace\arduino_core\328P_16MHz\libarduino_core.a(wiring.o)
                0x00005aba                init
 .text.analogReference
                0x00005b30        0x6 D:\Thesis\Arduino Workspace\arduino_core\328P_16MHz\libarduino_core.a(wiring_analog.o)
                0x00005b30                analogReference
 .text.analogRead
                0x00005b36       0x44 D:\Thesis\Arduino Workspace\arduino_core\328P_16MHz\libarduino_core.a(wiring_analog.o)
                0x00005b36                analogRead
 .text.analogWrite
                0x00005b7a       0xc0 D:\Thesis\Arduino Workspace\arduino_core\328P_16MHz\libarduino_core.a(wiring_analog.o)
                0x00005b7a                analogWrite
 .text.pinMode  0x00005c3a       0x4c D:\Thesis\Arduino Workspace\arduino_core\328P_16MHz\libarduino_core.a(wiring_digital.o)
                0x00005c3a                pinMode
 .text.turnOffPWM
                0x00005c86       0x5a D:\Thesis\Arduino Workspace\arduino_core\328P_16MHz\libarduino_core.a(wiring_digital.o)
 .text.digitalWrite
                0x00005ce0       0x66 D:\Thesis\Arduino Workspace\arduino_core\328P_16MHz\libarduino_core.a(wiring_digital.o)
                0x00005ce0                digitalWrite
 .text.libgcc   0x00005d46       0x3e c:/winavr-20100110/bin/../lib/gcc/avr/4.3.3/avr5\libgcc.a(_mulsi3.o)
                0x00005d46                __mulsi3
 .text.libgcc   0x00005d84       0x26 c:/winavr-20100110/bin/../lib/gcc/avr/4.3.3/avr5\libgcc.a(_divmodhi4.o)
                0x00005d84                __divmodhi4
                0x00005d84                _div
 .text.libgcc   0x00005daa       0x44 c:/winavr-20100110/bin/../lib/gcc/avr/4.3.3/avr5\libgcc.a(_udivmodsi4.o)
                0x00005daa                __udivmodsi4
 .text.libgcc   0x00005dee       0x28 c:/winavr-20100110/bin/../lib/gcc/avr/4.3.3/avr5\libgcc.a(_udivmodhi4.o)
                0x00005dee                __udivmodhi4
 .text.libgcc   0x00005e16        0xc c:/winavr-20100110/bin/../lib/gcc/avr/4.3.3/avr5\libgcc.a(_tablejump.o)
                0x00005e1a                __tablejump__
                0x00005e16                __tablejump2__
 .text.avr-libc
                0x00005e22      0x20a c:/winavr-20100110/bin/../lib/gcc/avr/4.3.3/../../../../avr/lib/avr5\libc.a(malloc.o)
                0x00005e22                malloc
                0x00005f7c                free
 .text.avr-libc
                0x0000602c      0x19c c:/winavr-20100110/bin/../lib/gcc/avr/4.3.3/../../../../avr/lib/avr5\libc.a(realloc.o)
                0x0000602c                realloc
 .text.avr-libc
                0x000061c8       0x4e c:/winavr-20100110/bin/../lib/gcc/avr/4.3.3/../../../../avr/lib/avr5\libc.a(atol.o)
                0x000061c8                atol
 .text.avr-libc
                0x00006216       0x1a c:/winavr-20100110/bin/../lib/gcc/avr/4.3.3/../../../../avr/lib/avr5\libc.a(memcmp.o)
                0x00006216                memcmp
 .text.avr-libc
                0x00006230       0x12 c:/winavr-20100110/bin/../lib/gcc/avr/4.3.3/../../../../avr/lib/avr5\libc.a(memcpy.o)
                0x00006230                memcpy
 .text.avr-libc
                0x00006242        0xe c:/winavr-20100110/bin/../lib/gcc/avr/4.3.3/../../../../avr/lib/avr5\libc.a(strcpy.o)
                0x00006242                strcpy
 .text.avr-libc
                0x00006250       0x2a c:/winavr-20100110/bin/../lib/gcc/avr/4.3.3/../../../../avr/lib/avr5\libc.a(mulsi10.o)
                0x00006250                __mulsi_const_10
 .text.libgcc   0x0000627a       0x38 c:/winavr-20100110/bin/../lib/gcc/avr/4.3.3/avr5\libgcc.a(_prologue.o)
                0x0000627a                __prologue_saves__
 .text.libgcc   0x000062b2       0x36 c:/winavr-20100110/bin/../lib/gcc/avr/4.3.3/avr5\libgcc.a(_epilogue.o)
                0x000062b2                __epilogue_restores__
                0x000062e8                . = ALIGN (0x2)
 *(.fini9)
 .fini9         0x000062e8        0x0 c:/winavr-20100110/bin/../lib/gcc/avr/4.3.3/avr5\libgcc.a(_exit.o)
                0x000062e8                exit
                0x000062e8                _exit
 *(.fini9)
 *(.fini8)
 *(.fini8)
 *(.fini7)
 *(.fini7)
 *(.fini6)
 .fini6         0x000062e8       0x16 c:/winavr-20100110/bin/../lib/gcc/avr/4.3.3/avr5\libgcc.a(_dtors.o)
                0x000062e8                __do_global_dtors
 *(.fini6)
 *(.fini5)
 *(.fini5)
 *(.fini4)
 *(.fini4)
 *(.fini3)
 *(.fini3)
 *(.fini2)
 *(.fini2)
 *(.fini1)
 *(.fini1)
 *(.fini0)
 .fini0         0x000062fe        0x4 c:/winavr-20100110/bin/../lib/gcc/avr/4.3.3/avr5\libgcc.a(_exit.o)
 *(.fini0)
                0x00006302                _etext = .

.data           0x00800100       0xd8 load address 0x00006302
                0x00800100                PROVIDE (__data_start, .)
 *(.data)
 .data          0x00800100       0x35 ./src/CBoat.o
 .data          0x00800135        0xf ./src/CSdCard.o
 .data          0x00800144       0x2f ./src/CSensor.o
 .data          0x00800173       0x1a ./src/CStateMachine.o
 .data          0x0080018d        0x6 c:/winavr-20100110/bin/../lib/gcc/avr/4.3.3/../../../../avr/lib/avr5\libc.a(malloc.o)
                0x0080018f                __malloc_heap_start
                0x00800191                __malloc_heap_end
                0x0080018d                __malloc_margin
 *(.data*)
 .data.analog_reference
                0x00800193        0x1 D:\Thesis\Arduino Workspace\arduino_core\328P_16MHz\libarduino_core.a(wiring_analog.o)
                0x00800193                analog_reference
 *(.rodata)
 *(.rodata*)
 .rodata._ZTV6SdFile
                0x00800194        0x8 ./arduinolib/SdFile.o
                0x00800194                vtable for SdFile
 .rodata._ZTV14SoftwareSerial
                0x0080019c       0x10 ./arduinolib/SoftwareSerial.o
                0x0080019c                vtable for SoftwareSerial
 .rodata._ZTV11Tx64Request
                0x008001ac        0x8 ./arduinolib/XBee.o
                0x008001ac                vtable for Tx64Request
 .rodata._ZTV12Rx64Response
                0x008001b4        0xa ./arduinolib/XBee.o
                0x008001b4                vtable for Rx64Response
 .rodata._ZTV12Rx16Response
                0x008001be        0xa ./arduinolib/XBee.o
                0x008001be                vtable for Rx16Response
 .rodata._ZTV14HardwareSerial
                0x008001c8       0x10 D:\Thesis\Arduino Workspace\arduino_core\328P_16MHz\libarduino_core.a(HardwareSerial.o)
                0x008001c8                vtable for HardwareSerial
 *(.gnu.linkonce.d*)
                0x008001d8                . = ALIGN (0x2)
                0x008001d8                _edata = .
                0x008001d8                PROVIDE (__data_end, .)

.bss            0x008001d8      0x57d
                0x008001d8                PROVIDE (__bss_start, .)
 *(.bss)
 *(.bss*)
 .bss.myStateMachine
                0x008001d8      0x26e ./src/main.o
                0x008001d8                myStateMachine
 .bss._ZN10SdBaseFile4cwd_E
                0x00800446        0x2 ./arduinolib/SdBaseFile.o
                0x00800446                SdBaseFile::cwd_
 .bss._ZN10SdBaseFile9dateTime_E
                0x00800448        0x2 ./arduinolib/SdBaseFile.o
                0x00800448                SdBaseFile::dateTime_
 .bss._ZN8SdVolume17cacheBlockNumber_E
                0x0080044a        0x4 ./arduinolib/SdVolume.o
                0x0080044a                SdVolume::cacheBlockNumber_
 .bss._ZN8SdVolume12cacheBuffer_E
                0x0080044e      0x200 ./arduinolib/SdVolume.o
                0x0080044e                SdVolume::cacheBuffer_
 .bss._ZN8SdVolume7sdCard_E
                0x0080064e        0x2 ./arduinolib/SdVolume.o
                0x0080064e                SdVolume::sdCard_
 .bss._ZN8SdVolume11cacheDirty_E
                0x00800650        0x1 ./arduinolib/SdVolume.o
                0x00800650                SdVolume::cacheDirty_
 .bss._ZN8SdVolume17cacheMirrorBlock_E
                0x00800651        0x4 ./arduinolib/SdVolume.o
                0x00800651                SdVolume::cacheMirrorBlock_
 .bss._ZN14SoftwareSerial13active_objectE
                0x00800655        0x2 ./arduinolib/SoftwareSerial.o
                0x00800655                SoftwareSerial::active_object
 .bss._ZN14SoftwareSerial15_receive_bufferE
                0x00800657       0x40 ./arduinolib/SoftwareSerial.o
                0x00800657                SoftwareSerial::_receive_buffer
 .bss._ZN14SoftwareSerial20_receive_buffer_tailE
                0x00800697        0x1 ./arduinolib/SoftwareSerial.o
                0x00800697                SoftwareSerial::_receive_buffer_tail
 .bss._ZN14SoftwareSerial20_receive_buffer_headE
                0x00800698        0x1 ./arduinolib/SoftwareSerial.o
                0x00800698                SoftwareSerial::_receive_buffer_head
 .bss._ZN22RemoteAtCommandRequest18broadcastAddress64E
                0x00800699        0x8 ./arduinolib/XBee.o
                0x00800699                RemoteAtCommandRequest::broadcastAddress64
 .bss.rx_buffer
                0x008006a1       0x44 D:\Thesis\Arduino Workspace\arduino_core\328P_16MHz\libarduino_core.a(HardwareSerial.o)
                0x008006a1                rx_buffer
 .bss.tx_buffer
                0x008006e5       0x44 D:\Thesis\Arduino Workspace\arduino_core\328P_16MHz\libarduino_core.a(HardwareSerial.o)
                0x008006e5                tx_buffer
 .bss.Serial    0x00800729       0x1f D:\Thesis\Arduino Workspace\arduino_core\328P_16MHz\libarduino_core.a(HardwareSerial.o)
                0x00800729                Serial
 .bss.timer0_overflow_count
                0x00800748        0x4 D:\Thesis\Arduino Workspace\arduino_core\328P_16MHz\libarduino_core.a(wiring.o)
                0x00800748                timer0_overflow_count
 .bss.timer0_millis
                0x0080074c        0x4 D:\Thesis\Arduino Workspace\arduino_core\328P_16MHz\libarduino_core.a(wiring.o)
                0x0080074c                timer0_millis
 .bss.timer0_fract
                0x00800750        0x1 D:\Thesis\Arduino Workspace\arduino_core\328P_16MHz\libarduino_core.a(wiring.o)
 *(COMMON)
 COMMON         0x00800751        0x4 c:/winavr-20100110/bin/../lib/gcc/avr/4.3.3/../../../../avr/lib/avr5\libc.a(malloc.o)
                0x00800751                __brkval
                0x00800753                __flp
                0x00800755                PROVIDE (__bss_end, .)
                0x00006302                __data_load_start = LOADADDR (.data)
                0x000063da                __data_load_end = (__data_load_start + SIZEOF (.data))

.noinit         0x00800755        0x0
                0x00800755                PROVIDE (__noinit_start, .)
 *(.noinit*)
                0x00800755                PROVIDE (__noinit_end, .)
                0x00800755                _end = .
                0x00800755                PROVIDE (__heap_start, .)

.eeprom         0x00810000        0x0
 *(.eeprom*)
                0x00810000                __eeprom_end = .

.fuse
 *(.fuse)
 *(.lfuse)
 *(.hfuse)
 *(.efuse)

.lock
 *(.lock*)

.signature
 *(.signature*)

.stab
 *(.stab)

.stabstr
 *(.stabstr)

.stab.excl
 *(.stab.excl)

.stab.exclstr
 *(.stab.exclstr)

.stab.index
 *(.stab.index)

.stab.indexstr
 *(.stab.indexstr)

.comment
 *(.comment)

.debug
 *(.debug)

.line
 *(.line)

.debug_srcinfo
 *(.debug_srcinfo)

.debug_sfnames
 *(.debug_sfnames)

.debug_aranges
 *(.debug_aranges)

.debug_pubnames
 *(.debug_pubnames)

.debug_info
 *(.debug_info)
 *(.gnu.linkonce.wi.*)

.debug_abbrev
 *(.debug_abbrev)

.debug_line
 *(.debug_line)

.debug_frame
 *(.debug_frame)

.debug_str
 *(.debug_str)

.debug_loc
 *(.debug_loc)

.debug_macinfo
 *(.debug_macinfo)
OUTPUT(thesis.elf elf32-avr)
LOAD linker stubs

Cross Reference Table

Symbol                                            File
AtCommandRequest::AtCommandRequest()              ./arduinolib/XBee.o
AtCommandRequest::AtCommandRequest()              ./arduinolib/XBee.o
AtCommandRequest::AtCommandRequest(unsigned char*) ./arduinolib/XBee.o
AtCommandRequest::AtCommandRequest(unsigned char*) ./arduinolib/XBee.o
AtCommandRequest::AtCommandRequest(unsigned char*, unsigned char*, unsigned char) ./arduinolib/XBee.o
AtCommandRequest::AtCommandRequest(unsigned char*, unsigned char*, unsigned char) ./arduinolib/XBee.o
AtCommandRequest::clearCommandValue()             ./arduinolib/XBee.o
AtCommandRequest::getCommand()                    ./arduinolib/XBee.o
AtCommandRequest::getCommandValue()               ./arduinolib/XBee.o
AtCommandRequest::getCommandValueLength()         ./arduinolib/XBee.o
AtCommandRequest::getFrameData(unsigned char)     ./arduinolib/XBee.o
AtCommandRequest::getFrameDataLength()            ./arduinolib/XBee.o
AtCommandRequest::setCommand(unsigned char*)      ./arduinolib/XBee.o
AtCommandRequest::setCommandValue(unsigned char*) ./arduinolib/XBee.o
AtCommandRequest::setCommandValueLength(unsigned char) ./arduinolib/XBee.o
AtCommandResponse::AtCommandResponse()            ./arduinolib/XBee.o
AtCommandResponse::AtCommandResponse()            ./arduinolib/XBee.o
AtCommandResponse::getCommand()                   ./arduinolib/XBee.o
AtCommandResponse::getStatus()                    ./arduinolib/XBee.o
AtCommandResponse::getValue()                     ./arduinolib/XBee.o
AtCommandResponse::getValueLength()               ./arduinolib/XBee.o
AtCommandResponse::isOk()                         ./arduinolib/XBee.o
CBoat::CBoat()                                    ./src/CBoat.o
CBoat::CBoat()                                    ./src/CBoat.o
                                                  ./src/main.o
CBoat::getCurrentBearing()                        ./src/CBoat.o
                                                  ./src/CStateMachine.o
CBoat::getCurrentLongLat(long&, long&)            ./src/CBoat.o
                                                  ./src/CStateMachine.o
CBoat::getGPRMC()                                 ./src/CBoat.o
CBoat::getHomeBase(long&, long&)                  ./src/CBoat.o
                                                  ./src/CStateMachine.o
CBoat::getLongAndLat()                            ./src/CBoat.o
CBoat::getLongAndLatDateTime()                    ./src/CBoat.o
CBoat::init()                                     ./src/CBoat.o
                                                  ./src/CStateMachine.o
CBoat::move(MOTOR::tMovementMode)                 ./src/CBoat.o
                                                  ./src/CStateMachine.o
CBoat::readAndSendLongLat()                       ./src/CBoat.o
                                                  ./src/CStateMachine.o
CBoat::readAndSendSensors()                       ./src/CBoat.o
                                                  ./src/CStateMachine.o
CBoat::readAndWriteLL()                           ./src/CBoat.o
                                                  ./src/CStateMachine.o
CBoat::readSensorsAndWriteToSdCard()              ./src/CBoat.o
                                                  ./src/CStateMachine.o
CBoat::storeCurrentCompass()                      ./src/CBoat.o
                                                  ./src/CStateMachine.o
CBoat::storeCurrentLongLat()                      ./src/CBoat.o
                                                  ./src/CStateMachine.o
CBoat::storeHomeLongLat()                         ./src/CBoat.o
                                                  ./src/CStateMachine.o
CBoat::~CBoat()                                   ./src/CBoat.o
CBoat::~CBoat()                                   ./src/CBoat.o
                                                  ./src/main.o
CMotor::CMotor()                                  ./src/CMotor.o
                                                  ./src/CBoat.o
CMotor::CMotor()                                  ./src/CMotor.o
CMotor::forward()                                 ./src/CMotor.o
                                                  ./src/CBoat.o
CMotor::initMotor()                               ./src/CMotor.o
                                                  ./src/CBoat.o
CMotor::left()                                    ./src/CMotor.o
                                                  ./src/CBoat.o
CMotor::right()                                   ./src/CMotor.o
                                                  ./src/CBoat.o
CMotor::slow()                                    ./src/CMotor.o
                                                  ./src/CBoat.o
CMotor::startUp()                                 ./src/CMotor.o
                                                  ./src/CBoat.o
CMotor::stop()                                    ./src/CMotor.o
                                                  ./src/CBoat.o
CMotor::~CMotor()                                 ./src/CMotor.o
CMotor::~CMotor()                                 ./src/CMotor.o
                                                  ./src/CBoat.o
CSdCard::CSdCard()                                ./src/CSdCard.o
                                                  ./src/CBoat.o
CSdCard::CSdCard()                                ./src/CSdCard.o
CSdCard::write(int)                               ./src/CSdCard.o
                                                  ./src/CBoat.o
CSdCard::writeC(char)                             ./src/CSdCard.o
                                                  ./src/CBoat.o
CSdCard::writeln()                                ./src/CSdCard.o
                                                  ./src/CBoat.o
CSdCard::~CSdCard()                               ./src/CSdCard.o
CSdCard::~CSdCard()                               ./src/CSdCard.o
                                                  ./src/CBoat.o
CSensor::CSensor()                                ./src/CSensor.o
                                                  ./src/CBoat.o
CSensor::CSensor()                                ./src/CSensor.o
CSensor::initGPS()                                ./src/CSensor.o
                                                  ./src/CBoat.o
CSensor::initSensors()                            ./src/CSensor.o
                                                  ./src/CBoat.o
CSensor::readCompass(String&)                     ./src/CSensor.o
                                                  ./src/CBoat.o
CSensor::readGPS(String&)                         ./src/CSensor.o
                                                  ./src/CBoat.o
CSensor::readPh(int&)                             ./src/CSensor.o
                                                  ./src/CBoat.o
CSensor::readSalinity(String&)                    ./src/CSensor.o
                                                  ./src/CBoat.o
CSensor::readTemperature(int&)                    ./src/CSensor.o
                                                  ./src/CBoat.o
CSensor::~CSensor()                               ./src/CSensor.o
                                                  ./src/CBoat.o
CSensor::~CSensor()                               ./src/CSensor.o
CStateMachine::forward(int)                       ./src/CStateMachine.o
CStateMachine::getNextState()                     ./src/CStateMachine.o
                                                  ./src/main.o
CStateMachine::initStateMachine()                 ./src/CStateMachine.o
                                                  ./src/main.o
CStateMachine::resetGoHome()                      ./src/CStateMachine.o
CStateMachine::stForward(int, int)                ./src/CStateMachine.o
                                                  ./src/main.o
CStateMachine::stGoingHome(int, int, int)         ./src/CStateMachine.o
                                                  ./src/main.o
CStateMachine::stSending()                        ./src/CStateMachine.o
                                                  ./src/main.o
CStateMachine::stStop()                           ./src/CStateMachine.o
                                                  ./src/main.o
CStateMachine::stStoreHomeBase()                  ./src/CStateMachine.o
                                                  ./src/main.o
CStateMachine::stWriting()                        ./src/CStateMachine.o
                                                  ./src/main.o
CStateMachine::turn(MOTOR::tMovementMode, int)    ./src/CStateMachine.o
CZigBee::CZigBee()                                ./src/CZigbee.o
                                                  ./src/CBoat.o
CZigBee::CZigBee()                                ./src/CZigbee.o
CZigBee::initZigBee()                             ./src/CZigbee.o
                                                  ./src/CBoat.o
CZigBee::sendData(unsigned char*, int)            ./src/CZigbee.o
                                                  ./src/CBoat.o
CZigBee::sendDataLL(unsigned char*, int)          ./src/CZigbee.o
                                                  ./src/CBoat.o
CZigBee::~CZigBee()                               ./src/CZigbee.o
                                                  ./src/CBoat.o
CZigBee::~CZigBee()                               ./src/CZigbee.o
FrameIdResponse::FrameIdResponse()                ./arduinolib/XBee.o
FrameIdResponse::FrameIdResponse()                ./arduinolib/XBee.o
FrameIdResponse::getFrameId()                     ./arduinolib/XBee.o
HardwareSerial::HardwareSerial(ring_buffer*, ring_buffer*, unsigned char volatile*, unsigned char volatile*, unsigned char volatile*, unsigned char volatile*, unsigned char volatile*, unsigned char, unsigned char, unsigned char, unsigned char, unsigned char) D:\Thesis\Arduino Workspace\arduino_core\328P_16MHz\libarduino_core.a(HardwareSerial.o)
HardwareSerial::HardwareSerial(ring_buffer*, ring_buffer*, unsigned char volatile*, unsigned char volatile*, unsigned char volatile*, unsigned char volatile*, unsigned char volatile*, unsigned char, unsigned char, unsigned char, unsigned char, unsigned char) D:\Thesis\Arduino Workspace\arduino_core\328P_16MHz\libarduino_core.a(HardwareSerial.o)
HardwareSerial::available()                       D:\Thesis\Arduino Workspace\arduino_core\328P_16MHz\libarduino_core.a(HardwareSerial.o)
HardwareSerial::begin(unsigned long)              D:\Thesis\Arduino Workspace\arduino_core\328P_16MHz\libarduino_core.a(HardwareSerial.o)
                                                  ./arduinolib/XBee.o
HardwareSerial::end()                             D:\Thesis\Arduino Workspace\arduino_core\328P_16MHz\libarduino_core.a(HardwareSerial.o)
HardwareSerial::flush()                           D:\Thesis\Arduino Workspace\arduino_core\328P_16MHz\libarduino_core.a(HardwareSerial.o)
HardwareSerial::peek()                            D:\Thesis\Arduino Workspace\arduino_core\328P_16MHz\libarduino_core.a(HardwareSerial.o)
HardwareSerial::read()                            D:\Thesis\Arduino Workspace\arduino_core\328P_16MHz\libarduino_core.a(HardwareSerial.o)
HardwareSerial::write(unsigned char)              D:\Thesis\Arduino Workspace\arduino_core\328P_16MHz\libarduino_core.a(HardwareSerial.o)
ModemStatusResponse::ModemStatusResponse()        ./arduinolib/XBee.o
ModemStatusResponse::ModemStatusResponse()        ./arduinolib/XBee.o
ModemStatusResponse::getStatus()                  ./arduinolib/XBee.o
PayloadRequest::PayloadRequest(unsigned char, unsigned char, unsigned char*, unsigned char) ./arduinolib/XBee.o
PayloadRequest::PayloadRequest(unsigned char, unsigned char, unsigned char*, unsigned char) ./arduinolib/XBee.o
PayloadRequest::getPayload()                      ./arduinolib/XBee.o
PayloadRequest::getPayloadLength()                ./arduinolib/XBee.o
PayloadRequest::setPayload(unsigned char*)        ./arduinolib/XBee.o
PayloadRequest::setPayloadLength(unsigned char)   ./arduinolib/XBee.o
Print::print(Printable const&)                    D:\Thesis\Arduino Workspace\arduino_core\328P_16MHz\libarduino_core.a(Print.o)
Print::print(String const&)                       D:\Thesis\Arduino Workspace\arduino_core\328P_16MHz\libarduino_core.a(Print.o)
Print::print(__FlashStringHelper const*)          D:\Thesis\Arduino Workspace\arduino_core\328P_16MHz\libarduino_core.a(Print.o)
Print::print(char const*)                         D:\Thesis\Arduino Workspace\arduino_core\328P_16MHz\libarduino_core.a(Print.o)
                                                  ./arduinolib/SdBaseFile.o
                                                  ./src/CSensor.o
                                                  ./src/CSdCard.o
Print::print(char)                                D:\Thesis\Arduino Workspace\arduino_core\328P_16MHz\libarduino_core.a(Print.o)
                                                  ./src/CSdCard.o
Print::print(double, int)                         D:\Thesis\Arduino Workspace\arduino_core\328P_16MHz\libarduino_core.a(Print.o)
Print::print(int, int)                            D:\Thesis\Arduino Workspace\arduino_core\328P_16MHz\libarduino_core.a(Print.o)
                                                  ./src/CSdCard.o
Print::print(long, int)                           D:\Thesis\Arduino Workspace\arduino_core\328P_16MHz\libarduino_core.a(Print.o)
Print::print(unsigned char, int)                  D:\Thesis\Arduino Workspace\arduino_core\328P_16MHz\libarduino_core.a(Print.o)
                                                  ./arduinolib/SdBaseFile.o
Print::print(unsigned int, int)                   D:\Thesis\Arduino Workspace\arduino_core\328P_16MHz\libarduino_core.a(Print.o)
                                                  ./arduinolib/SdBaseFile.o
Print::print(unsigned long, int)                  D:\Thesis\Arduino Workspace\arduino_core\328P_16MHz\libarduino_core.a(Print.o)
                                                  ./arduinolib/SdBaseFile.o
Print::printFloat(double, unsigned char)          D:\Thesis\Arduino Workspace\arduino_core\328P_16MHz\libarduino_core.a(Print.o)
Print::printNumber(unsigned long, unsigned char)  D:\Thesis\Arduino Workspace\arduino_core\328P_16MHz\libarduino_core.a(Print.o)
Print::println()                                  D:\Thesis\Arduino Workspace\arduino_core\328P_16MHz\libarduino_core.a(Print.o)
                                                  ./arduinolib/SdFatUtil.o
                                                  ./arduinolib/SdBaseFile.o
Print::println(Printable const&)                  D:\Thesis\Arduino Workspace\arduino_core\328P_16MHz\libarduino_core.a(Print.o)
Print::println(String const&)                     D:\Thesis\Arduino Workspace\arduino_core\328P_16MHz\libarduino_core.a(Print.o)
                                                  ./src/CBoat.o
Print::println(__FlashStringHelper const*)        D:\Thesis\Arduino Workspace\arduino_core\328P_16MHz\libarduino_core.a(Print.o)
Print::println(char const*)                       D:\Thesis\Arduino Workspace\arduino_core\328P_16MHz\libarduino_core.a(Print.o)
                                                  ./arduinolib/SdFat.o
                                                  ./src/CStateMachine.o
                                                  ./src/CSdCard.o
                                                  ./src/CBoat.o
Print::println(char)                              D:\Thesis\Arduino Workspace\arduino_core\328P_16MHz\libarduino_core.a(Print.o)
Print::println(double, int)                       D:\Thesis\Arduino Workspace\arduino_core\328P_16MHz\libarduino_core.a(Print.o)
Print::println(int, int)                          D:\Thesis\Arduino Workspace\arduino_core\328P_16MHz\libarduino_core.a(Print.o)
                                                  ./arduinolib/SdFat.o
Print::println(long, int)                         D:\Thesis\Arduino Workspace\arduino_core\328P_16MHz\libarduino_core.a(Print.o)
Print::println(unsigned char, int)                D:\Thesis\Arduino Workspace\arduino_core\328P_16MHz\libarduino_core.a(Print.o)
Print::println(unsigned int, int)                 D:\Thesis\Arduino Workspace\arduino_core\328P_16MHz\libarduino_core.a(Print.o)
Print::println(unsigned long, int)                D:\Thesis\Arduino Workspace\arduino_core\328P_16MHz\libarduino_core.a(Print.o)
Print::write(char const*)                         D:\Thesis\Arduino Workspace\arduino_core\328P_16MHz\libarduino_core.a(Print.o)
Print::write(unsigned char const*, unsigned int)  D:\Thesis\Arduino Workspace\arduino_core\328P_16MHz\libarduino_core.a(Print.o)
                                                  D:\Thesis\Arduino Workspace\arduino_core\328P_16MHz\libarduino_core.a(HardwareSerial.o)
                                                  ./arduinolib/SoftwareSerial.o
                                                  ./arduinolib/SdFile.o
RemoteAtCommandRequest::RemoteAtCommandRequest()  ./arduinolib/XBee.o
RemoteAtCommandRequest::RemoteAtCommandRequest()  ./arduinolib/XBee.o
RemoteAtCommandRequest::RemoteAtCommandRequest(XBeeAddress64&, unsigned char*) ./arduinolib/XBee.o
RemoteAtCommandRequest::RemoteAtCommandRequest(XBeeAddress64&, unsigned char*) ./arduinolib/XBee.o
RemoteAtCommandRequest::RemoteAtCommandRequest(XBeeAddress64&, unsigned char*, unsigned char*, unsigned char) ./arduinolib/XBee.o
RemoteAtCommandRequest::RemoteAtCommandRequest(XBeeAddress64&, unsigned char*, unsigned char*, unsigned char) ./arduinolib/XBee.o
RemoteAtCommandRequest::RemoteAtCommandRequest(unsigned int, unsigned char*) ./arduinolib/XBee.o
RemoteAtCommandRequest::RemoteAtCommandRequest(unsigned int, unsigned char*) ./arduinolib/XBee.o
RemoteAtCommandRequest::RemoteAtCommandRequest(unsigned int, unsigned char*, unsigned char*, unsigned char) ./arduinolib/XBee.o
RemoteAtCommandRequest::RemoteAtCommandRequest(unsigned int, unsigned char*, unsigned char*, unsigned char) ./arduinolib/XBee.o
RemoteAtCommandRequest::broadcastAddress64        ./arduinolib/XBee.o
RemoteAtCommandRequest::getApplyChanges()         ./arduinolib/XBee.o
RemoteAtCommandRequest::getFrameData(unsigned char) ./arduinolib/XBee.o
RemoteAtCommandRequest::getFrameDataLength()      ./arduinolib/XBee.o
RemoteAtCommandRequest::getRemoteAddress16()      ./arduinolib/XBee.o
RemoteAtCommandRequest::getRemoteAddress64()      ./arduinolib/XBee.o
RemoteAtCommandRequest::setApplyChanges(bool)     ./arduinolib/XBee.o
RemoteAtCommandRequest::setRemoteAddress16(unsigned int) ./arduinolib/XBee.o
RemoteAtCommandRequest::setRemoteAddress64(XBeeAddress64&) ./arduinolib/XBee.o
RemoteAtCommandResponse::RemoteAtCommandResponse() ./arduinolib/XBee.o
RemoteAtCommandResponse::RemoteAtCommandResponse() ./arduinolib/XBee.o
RemoteAtCommandResponse::getCommand()             ./arduinolib/XBee.o
RemoteAtCommandResponse::getRemoteAddress16()     ./arduinolib/XBee.o
RemoteAtCommandResponse::getRemoteAddress64()     ./arduinolib/XBee.o
RemoteAtCommandResponse::getStatus()              ./arduinolib/XBee.o
RemoteAtCommandResponse::getValue()               ./arduinolib/XBee.o
RemoteAtCommandResponse::getValueLength()         ./arduinolib/XBee.o
RemoteAtCommandResponse::isOk()                   ./arduinolib/XBee.o
Rx16IoSampleResponse::Rx16IoSampleResponse()      ./arduinolib/XBee.o
Rx16IoSampleResponse::Rx16IoSampleResponse()      ./arduinolib/XBee.o
Rx16IoSampleResponse::getRemoteAddress16()        ./arduinolib/XBee.o
Rx16IoSampleResponse::getRssiOffset()             ./arduinolib/XBee.o
Rx16Response::Rx16Response()                      ./arduinolib/XBee.o
                                                  ./src/CZigbee.o
Rx16Response::Rx16Response()                      ./arduinolib/XBee.o
Rx16Response::getRemoteAddress16()                ./arduinolib/XBee.o
Rx16Response::getRssiOffset()                     ./arduinolib/XBee.o
Rx64IoSampleResponse::Rx64IoSampleResponse()      ./arduinolib/XBee.o
Rx64IoSampleResponse::Rx64IoSampleResponse()      ./arduinolib/XBee.o
Rx64IoSampleResponse::getRemoteAddress64()        ./arduinolib/XBee.o
Rx64IoSampleResponse::getRssiOffset()             ./arduinolib/XBee.o
Rx64Response::Rx64Response()                      ./arduinolib/XBee.o
Rx64Response::Rx64Response()                      ./arduinolib/XBee.o
                                                  ./src/CZigbee.o
Rx64Response::getRemoteAddress64()                ./arduinolib/XBee.o
Rx64Response::getRssiOffset()                     ./arduinolib/XBee.o
RxDataResponse::RxDataResponse()                  ./arduinolib/XBee.o
RxDataResponse::RxDataResponse()                  ./arduinolib/XBee.o
RxDataResponse::getData()                         ./arduinolib/XBee.o
RxDataResponse::getData(int)                      ./arduinolib/XBee.o
RxIoSampleBaseResponse::RxIoSampleBaseResponse()  ./arduinolib/XBee.o
RxIoSampleBaseResponse::RxIoSampleBaseResponse()  ./arduinolib/XBee.o
RxIoSampleBaseResponse::containsAnalog()          ./arduinolib/XBee.o
RxIoSampleBaseResponse::containsDigital()         ./arduinolib/XBee.o
RxIoSampleBaseResponse::getAnalog(unsigned char, unsigned char) ./arduinolib/XBee.o
RxIoSampleBaseResponse::getSampleOffset()         ./arduinolib/XBee.o
RxIoSampleBaseResponse::getSampleSize()           ./arduinolib/XBee.o
RxIoSampleBaseResponse::isAnalogEnabled(unsigned char) ./arduinolib/XBee.o
RxIoSampleBaseResponse::isDigitalEnabled(unsigned char) ./arduinolib/XBee.o
RxIoSampleBaseResponse::isDigitalOn(unsigned char, unsigned char) ./arduinolib/XBee.o
RxResponse::RxResponse()                          ./arduinolib/XBee.o
RxResponse::RxResponse()                          ./arduinolib/XBee.o
RxResponse::getDataLength()                       ./arduinolib/XBee.o
RxResponse::getDataOffset()                       ./arduinolib/XBee.o
RxResponse::getOption()                           ./arduinolib/XBee.o
RxResponse::getRssi()                             ./arduinolib/XBee.o
RxResponse::isAddressBroadcast()                  ./arduinolib/XBee.o
RxResponse::isPanBroadcast()                      ./arduinolib/XBee.o
Sd2Card::cardCommand(unsigned char, unsigned long) ./arduinolib/Sd2Card.o
Sd2Card::cardSize()                               ./arduinolib/Sd2Card.o
Sd2Card::chipSelectHigh()                         ./arduinolib/Sd2Card.o
Sd2Card::chipSelectLow()                          ./arduinolib/Sd2Card.o
Sd2Card::erase(unsigned long, unsigned long)      ./arduinolib/Sd2Card.o
Sd2Card::eraseSingleBlockEnable()                 ./arduinolib/Sd2Card.o
Sd2Card::init(unsigned char, unsigned char)       ./arduinolib/Sd2Card.o
                                                  ./arduinolib/SdFat.o
Sd2Card::readBlock(unsigned long, unsigned char*) ./arduinolib/Sd2Card.o
                                                  ./arduinolib/SdVolume.o
                                                  ./arduinolib/SdBaseFile.o
Sd2Card::readData(unsigned char*)                 ./arduinolib/Sd2Card.o
Sd2Card::readData(unsigned char*, unsigned int)   ./arduinolib/Sd2Card.o
Sd2Card::readRegister(unsigned char, void*)       ./arduinolib/Sd2Card.o
Sd2Card::readStart(unsigned long)                 ./arduinolib/Sd2Card.o
Sd2Card::readStop()                               ./arduinolib/Sd2Card.o
Sd2Card::setSckRate(unsigned char)                ./arduinolib/Sd2Card.o
Sd2Card::waitNotBusy(unsigned int)                ./arduinolib/Sd2Card.o
Sd2Card::writeBlock(unsigned long, unsigned char const*) ./arduinolib/Sd2Card.o
                                                  ./arduinolib/SdVolume.o
                                                  ./arduinolib/SdBaseFile.o
Sd2Card::writeData(unsigned char const*)          ./arduinolib/Sd2Card.o
Sd2Card::writeData(unsigned char, unsigned char const*) ./arduinolib/Sd2Card.o
Sd2Card::writeStart(unsigned long, unsigned long) ./arduinolib/Sd2Card.o
Sd2Card::writeStop()                              ./arduinolib/Sd2Card.o
SdBaseFile::SdBaseFile(char const*, unsigned char) ./arduinolib/SdBaseFile.o
SdBaseFile::SdBaseFile(char const*, unsigned char) ./arduinolib/SdBaseFile.o
                                                  ./arduinolib/SdFile.o
SdBaseFile::addCluster()                          ./arduinolib/SdBaseFile.o
SdBaseFile::addDirCluster()                       ./arduinolib/SdBaseFile.o
SdBaseFile::cacheDirEntry(unsigned char)          ./arduinolib/SdBaseFile.o
SdBaseFile::close()                               ./arduinolib/SdBaseFile.o
                                                  ./arduinolib/SdFat.o
                                                  ./src/CSdCard.o
SdBaseFile::contiguousRange(unsigned long*, unsigned long*) ./arduinolib/SdBaseFile.o
SdBaseFile::createContiguous(SdBaseFile*, char const*, unsigned long) ./arduinolib/SdBaseFile.o
SdBaseFile::cwd_                                  ./arduinolib/SdBaseFile.o
                                                  ./arduinolib/SdFat.o
SdBaseFile::dateTime_                             ./arduinolib/SdBaseFile.o
SdBaseFile::dirEntry(directoryEntry*)             ./arduinolib/SdBaseFile.o
SdBaseFile::dirName(directoryEntry const&, char*) ./arduinolib/SdBaseFile.o
SdBaseFile::exists(char const*)                   ./arduinolib/SdBaseFile.o
                                                  ./arduinolib/SdFat.o
SdBaseFile::fgets(char*, int, char*)              ./arduinolib/SdBaseFile.o
SdBaseFile::getFilename(char*)                    ./arduinolib/SdBaseFile.o
SdBaseFile::getpos(fpos_t*)                       ./arduinolib/SdBaseFile.o
SdBaseFile::ls(Print*, unsigned char, unsigned char) ./arduinolib/SdBaseFile.o
                                                  ./arduinolib/SdFat.o
SdBaseFile::ls(unsigned char)                     ./arduinolib/SdBaseFile.o
SdBaseFile::lsPrintNext(Print*, unsigned char, unsigned char) ./arduinolib/SdBaseFile.o
SdBaseFile::make83Name(char const*, unsigned char*, char const**) ./arduinolib/SdBaseFile.o
SdBaseFile::mkdir(SdBaseFile*, char const*, bool) ./arduinolib/SdBaseFile.o
                                                  ./arduinolib/SdFat.o
SdBaseFile::mkdir(SdBaseFile*, unsigned char const*) ./arduinolib/SdBaseFile.o
SdBaseFile::oldDateTime_                          ./arduinolib/SdBaseFile.o
SdBaseFile::open(SdBaseFile*, char const*, unsigned char) ./arduinolib/SdBaseFile.o
                                                  ./arduinolib/SdFat.o
SdBaseFile::open(SdBaseFile*, unsigned char const*, unsigned char) ./arduinolib/SdBaseFile.o
SdBaseFile::open(SdBaseFile*, unsigned int, unsigned char) ./arduinolib/SdBaseFile.o
SdBaseFile::open(char const*, unsigned char)      ./arduinolib/SdBaseFile.o
                                                  ./arduinolib/SdFat.o
                                                  ./src/CSdCard.o
SdBaseFile::openCachedEntry(unsigned char, unsigned char) ./arduinolib/SdBaseFile.o
SdBaseFile::openNext(SdBaseFile*, unsigned char)  ./arduinolib/SdBaseFile.o
SdBaseFile::openParent(SdBaseFile*)               ./arduinolib/SdBaseFile.o
SdBaseFile::openRoot(SdVolume*)                   ./arduinolib/SdBaseFile.o
                                                  ./arduinolib/SdFat.o
SdBaseFile::peek()                                ./arduinolib/SdBaseFile.o
SdBaseFile::printDirName(Print*, directoryEntry const&, unsigned char, bool) ./arduinolib/SdBaseFile.o
SdBaseFile::printDirName(directoryEntry const&, unsigned char, bool) ./arduinolib/SdBaseFile.o
SdBaseFile::printFatDate(Print*, unsigned int)    ./arduinolib/SdBaseFile.o
SdBaseFile::printFatDate(unsigned int)            ./arduinolib/SdBaseFile.o
SdBaseFile::printFatTime(Print*, unsigned int)    ./arduinolib/SdBaseFile.o
SdBaseFile::printFatTime(unsigned int)            ./arduinolib/SdBaseFile.o
SdBaseFile::printName()                           ./arduinolib/SdBaseFile.o
SdBaseFile::read()                                ./arduinolib/SdBaseFile.o
SdBaseFile::read(void*, unsigned int)             ./arduinolib/SdBaseFile.o
SdBaseFile::readDir(directoryEntry*)              ./arduinolib/SdBaseFile.o
SdBaseFile::readDirCache()                        ./arduinolib/SdBaseFile.o
SdBaseFile::remove()                              ./arduinolib/SdBaseFile.o
SdBaseFile::remove(SdBaseFile*, char const*)      ./arduinolib/SdBaseFile.o
                                                  ./arduinolib/SdFat.o
SdBaseFile::rename(SdBaseFile*, char const*)      ./arduinolib/SdBaseFile.o
                                                  ./arduinolib/SdFat.o
SdBaseFile::rmRfStar()                            ./arduinolib/SdBaseFile.o
SdBaseFile::rmdir()                               ./arduinolib/SdBaseFile.o
                                                  ./arduinolib/SdFat.o
SdBaseFile::seekSet(unsigned long)                ./arduinolib/SdBaseFile.o
SdBaseFile::setpos(fpos_t*)                       ./arduinolib/SdBaseFile.o
SdBaseFile::sync()                                ./arduinolib/SdBaseFile.o
SdBaseFile::timestamp(SdBaseFile*)                ./arduinolib/SdBaseFile.o
SdBaseFile::timestamp(unsigned char, unsigned int, unsigned char, unsigned char, unsigned char, unsigned char, unsigned char) ./arduinolib/SdBaseFile.o
SdBaseFile::truncate(unsigned long)               ./arduinolib/SdBaseFile.o
                                                  ./arduinolib/SdFat.o
SdBaseFile::write(void const*, unsigned int)      ./arduinolib/SdBaseFile.o
                                                  ./arduinolib/SdFile.o
SdBaseFile::~SdBaseFile()                         ./arduinolib/SdBaseFile.o
SdFat::chdir(bool)                                ./arduinolib/SdFat.o
SdFat::chdir(char const*, bool)                   ./arduinolib/SdFat.o
SdFat::chvol()                                    ./arduinolib/SdFat.o
SdFat::errorHalt()                                ./arduinolib/SdFat.o
SdFat::errorHalt(char const*)                     ./arduinolib/SdFat.o
SdFat::errorHalt_P(char const*)                   ./arduinolib/SdFat.o
SdFat::errorPrint()                               ./arduinolib/SdFat.o
SdFat::errorPrint(char const*)                    ./arduinolib/SdFat.o
SdFat::errorPrint_P(char const*)                  ./arduinolib/SdFat.o
SdFat::exists(char const*)                        ./arduinolib/SdFat.o
SdFat::init(unsigned char, unsigned char)         ./arduinolib/SdFat.o
                                                  ./src/CSdCard.o
SdFat::initErrorHalt()                            ./arduinolib/SdFat.o
SdFat::initErrorHalt(char const*)                 ./arduinolib/SdFat.o
SdFat::initErrorHalt_P(char const*)               ./arduinolib/SdFat.o
SdFat::initErrorPrint()                           ./arduinolib/SdFat.o
SdFat::initErrorPrint(char const*)                ./arduinolib/SdFat.o
SdFat::initErrorPrint_P(char const*)              ./arduinolib/SdFat.o
SdFat::ls(Print*, unsigned char)                  ./arduinolib/SdFat.o
SdFat::ls(unsigned char)                          ./arduinolib/SdFat.o
SdFat::mkdir(char const*, bool)                   ./arduinolib/SdFat.o
SdFat::remove(char const*)                        ./arduinolib/SdFat.o
SdFat::rename(char const*, char const*)           ./arduinolib/SdFat.o
SdFat::rmdir(char const*)                         ./arduinolib/SdFat.o
SdFat::truncate(char const*, unsigned long)       ./arduinolib/SdFat.o
SdFatUtil::FreeRam()                              ./arduinolib/SdFatUtil.o
SdFatUtil::SerialPrint_P(char const*)             ./arduinolib/SdFatUtil.o
                                                  ./arduinolib/SdFat.o
SdFatUtil::SerialPrintln_P(char const*)           ./arduinolib/SdFatUtil.o
                                                  ./arduinolib/SdFat.o
SdFatUtil::print_P(Print*, char const*)           ./arduinolib/SdFatUtil.o
SdFatUtil::println_P(Print*, char const*)         ./arduinolib/SdFatUtil.o
SdFile::SdFile(char const*, unsigned char)        ./arduinolib/SdFile.o
SdFile::SdFile(char const*, unsigned char)        ./arduinolib/SdFile.o
SdFile::write(char const*)                        ./arduinolib/SdFile.o
SdFile::write(unsigned char)                      ./arduinolib/SdFile.o
SdFile::write(void const*, unsigned int)          ./arduinolib/SdFile.o
SdFile::write_P(char const*)                      ./arduinolib/SdFile.o
SdFile::writeln_P(char const*)                    ./arduinolib/SdFile.o
SdVolume::allocContiguous(unsigned long, unsigned long*) ./arduinolib/SdVolume.o
                                                  ./arduinolib/SdBaseFile.o
SdVolume::cacheBlockNumber_                       ./arduinolib/SdVolume.o
                                                  ./arduinolib/SdBaseFile.o
SdVolume::cacheBuffer_                            ./arduinolib/SdVolume.o
                                                  ./arduinolib/SdBaseFile.o
SdVolume::cacheDirty_                             ./arduinolib/SdVolume.o
                                                  ./arduinolib/SdBaseFile.o
SdVolume::cacheFlush()                            ./arduinolib/SdVolume.o
                                                  ./arduinolib/SdBaseFile.o
SdVolume::cacheMirrorBlock_                       ./arduinolib/SdVolume.o
SdVolume::cacheRawBlock(unsigned long, bool)      ./arduinolib/SdVolume.o
                                                  ./arduinolib/SdBaseFile.o
SdVolume::chainSize(unsigned long, unsigned long*) ./arduinolib/SdVolume.o
                                                  ./arduinolib/SdBaseFile.o
SdVolume::fatGet(unsigned long, unsigned long*)   ./arduinolib/SdVolume.o
                                                  ./arduinolib/SdBaseFile.o
SdVolume::fatPut(unsigned long, unsigned long)    ./arduinolib/SdVolume.o
                                                  ./arduinolib/SdBaseFile.o
SdVolume::freeChain(unsigned long)                ./arduinolib/SdVolume.o
                                                  ./arduinolib/SdBaseFile.o
SdVolume::freeClusterCount()                      ./arduinolib/SdVolume.o
SdVolume::init(Sd2Card*, unsigned char)           ./arduinolib/SdVolume.o
                                                  ./arduinolib/SdFat.o
SdVolume::sdCard_                                 ./arduinolib/SdVolume.o
                                                  ./arduinolib/SdBaseFile.o
Serial                                            D:\Thesis\Arduino Workspace\arduino_core\328P_16MHz\libarduino_core.a(HardwareSerial.o)
                                                  ./arduinolib/XBee.o
                                                  ./arduinolib/SdFatUtil.o
                                                  ./arduinolib/SdFat.o
                                                  ./arduinolib/SdBaseFile.o
                                                  ./src/CStateMachine.o
                                                  ./src/CBoat.o
SoftwareSerial::SoftwareSerial(unsigned char, unsigned char, bool) ./arduinolib/SoftwareSerial.o
                                                  ./src/CSensor.o
SoftwareSerial::SoftwareSerial(unsigned char, unsigned char, bool) ./arduinolib/SoftwareSerial.o
SoftwareSerial::_receive_buffer                   ./arduinolib/SoftwareSerial.o
SoftwareSerial::_receive_buffer_head              ./arduinolib/SoftwareSerial.o
SoftwareSerial::_receive_buffer_tail              ./arduinolib/SoftwareSerial.o
SoftwareSerial::active_object                     ./arduinolib/SoftwareSerial.o
SoftwareSerial::available()                       ./arduinolib/SoftwareSerial.o
SoftwareSerial::begin(long)                       ./arduinolib/SoftwareSerial.o
                                                  ./src/CSensor.o
SoftwareSerial::end()                             ./arduinolib/SoftwareSerial.o
SoftwareSerial::flush()                           ./arduinolib/SoftwareSerial.o
SoftwareSerial::handle_interrupt()                ./arduinolib/SoftwareSerial.o
SoftwareSerial::listen()                          ./arduinolib/SoftwareSerial.o
                                                  ./src/CSensor.o
SoftwareSerial::peek()                            ./arduinolib/SoftwareSerial.o
SoftwareSerial::read()                            ./arduinolib/SoftwareSerial.o
SoftwareSerial::recv()                            ./arduinolib/SoftwareSerial.o
SoftwareSerial::rx_pin_read()                     ./arduinolib/SoftwareSerial.o
SoftwareSerial::setRX(unsigned char)              ./arduinolib/SoftwareSerial.o
SoftwareSerial::setTX(unsigned char)              ./arduinolib/SoftwareSerial.o
SoftwareSerial::tx_pin_write(unsigned char)       ./arduinolib/SoftwareSerial.o
SoftwareSerial::write(unsigned char)              ./arduinolib/SoftwareSerial.o
SoftwareSerial::~SoftwareSerial()                 ./arduinolib/SoftwareSerial.o
SoftwareSerial::~SoftwareSerial()                 ./arduinolib/SoftwareSerial.o
String::String(String const&)                     D:\Thesis\Arduino Workspace\arduino_core\328P_16MHz\libarduino_core.a(WString.o)
String::String(String const&)                     D:\Thesis\Arduino Workspace\arduino_core\328P_16MHz\libarduino_core.a(WString.o)
String::String(char const*)                       D:\Thesis\Arduino Workspace\arduino_core\328P_16MHz\libarduino_core.a(WString.o)
                                                  ./src/CSensor.o
                                                  ./src/CBoat.o
String::String(char const*)                       D:\Thesis\Arduino Workspace\arduino_core\328P_16MHz\libarduino_core.a(WString.o)
String::String(char)                              D:\Thesis\Arduino Workspace\arduino_core\328P_16MHz\libarduino_core.a(WString.o)
String::String(char)                              D:\Thesis\Arduino Workspace\arduino_core\328P_16MHz\libarduino_core.a(WString.o)
String::String(int, unsigned char)                D:\Thesis\Arduino Workspace\arduino_core\328P_16MHz\libarduino_core.a(WString.o)
String::String(int, unsigned char)                D:\Thesis\Arduino Workspace\arduino_core\328P_16MHz\libarduino_core.a(WString.o)
String::String(long, unsigned char)               D:\Thesis\Arduino Workspace\arduino_core\328P_16MHz\libarduino_core.a(WString.o)
String::String(long, unsigned char)               D:\Thesis\Arduino Workspace\arduino_core\328P_16MHz\libarduino_core.a(WString.o)
String::String(unsigned char, unsigned char)      D:\Thesis\Arduino Workspace\arduino_core\328P_16MHz\libarduino_core.a(WString.o)
String::String(unsigned char, unsigned char)      D:\Thesis\Arduino Workspace\arduino_core\328P_16MHz\libarduino_core.a(WString.o)
String::String(unsigned int, unsigned char)       D:\Thesis\Arduino Workspace\arduino_core\328P_16MHz\libarduino_core.a(WString.o)
String::String(unsigned int, unsigned char)       D:\Thesis\Arduino Workspace\arduino_core\328P_16MHz\libarduino_core.a(WString.o)
String::String(unsigned long, unsigned char)      D:\Thesis\Arduino Workspace\arduino_core\328P_16MHz\libarduino_core.a(WString.o)
String::String(unsigned long, unsigned char)      D:\Thesis\Arduino Workspace\arduino_core\328P_16MHz\libarduino_core.a(WString.o)
String::changeBuffer(unsigned int)                D:\Thesis\Arduino Workspace\arduino_core\328P_16MHz\libarduino_core.a(WString.o)
String::charAt(unsigned int) const                D:\Thesis\Arduino Workspace\arduino_core\328P_16MHz\libarduino_core.a(WString.o)
                                                  ./src/CBoat.o
String::compareTo(String const&) const            D:\Thesis\Arduino Workspace\arduino_core\328P_16MHz\libarduino_core.a(WString.o)
String::concat(String const&)                     D:\Thesis\Arduino Workspace\arduino_core\328P_16MHz\libarduino_core.a(WString.o)
String::concat(char const*)                       D:\Thesis\Arduino Workspace\arduino_core\328P_16MHz\libarduino_core.a(WString.o)
String::concat(char const*, unsigned int)         D:\Thesis\Arduino Workspace\arduino_core\328P_16MHz\libarduino_core.a(WString.o)
String::concat(char)                              D:\Thesis\Arduino Workspace\arduino_core\328P_16MHz\libarduino_core.a(WString.o)
String::concat(int)                               D:\Thesis\Arduino Workspace\arduino_core\328P_16MHz\libarduino_core.a(WString.o)
String::concat(long)                              D:\Thesis\Arduino Workspace\arduino_core\328P_16MHz\libarduino_core.a(WString.o)
String::concat(unsigned char)                     D:\Thesis\Arduino Workspace\arduino_core\328P_16MHz\libarduino_core.a(WString.o)
String::concat(unsigned int)                      D:\Thesis\Arduino Workspace\arduino_core\328P_16MHz\libarduino_core.a(WString.o)
String::concat(unsigned long)                     D:\Thesis\Arduino Workspace\arduino_core\328P_16MHz\libarduino_core.a(WString.o)
String::copy(char const*, unsigned int)           D:\Thesis\Arduino Workspace\arduino_core\328P_16MHz\libarduino_core.a(WString.o)
String::endsWith(String const&) const             D:\Thesis\Arduino Workspace\arduino_core\328P_16MHz\libarduino_core.a(WString.o)
String::equals(String const&) const               D:\Thesis\Arduino Workspace\arduino_core\328P_16MHz\libarduino_core.a(WString.o)
String::equals(char const*) const                 D:\Thesis\Arduino Workspace\arduino_core\328P_16MHz\libarduino_core.a(WString.o)
String::equalsIgnoreCase(String const&) const     D:\Thesis\Arduino Workspace\arduino_core\328P_16MHz\libarduino_core.a(WString.o)
String::getBytes(unsigned char*, unsigned int, unsigned int) const D:\Thesis\Arduino Workspace\arduino_core\328P_16MHz\libarduino_core.a(WString.o)
String::indexOf(String const&) const              D:\Thesis\Arduino Workspace\arduino_core\328P_16MHz\libarduino_core.a(WString.o)
String::indexOf(String const&, unsigned int) const D:\Thesis\Arduino Workspace\arduino_core\328P_16MHz\libarduino_core.a(WString.o)
String::indexOf(char) const                       D:\Thesis\Arduino Workspace\arduino_core\328P_16MHz\libarduino_core.a(WString.o)
String::indexOf(char, unsigned int) const         D:\Thesis\Arduino Workspace\arduino_core\328P_16MHz\libarduino_core.a(WString.o)
String::invalidate()                              D:\Thesis\Arduino Workspace\arduino_core\328P_16MHz\libarduino_core.a(WString.o)
String::lastIndexOf(String const&) const          D:\Thesis\Arduino Workspace\arduino_core\328P_16MHz\libarduino_core.a(WString.o)
String::lastIndexOf(String const&, unsigned int) const D:\Thesis\Arduino Workspace\arduino_core\328P_16MHz\libarduino_core.a(WString.o)
String::lastIndexOf(char) const                   D:\Thesis\Arduino Workspace\arduino_core\328P_16MHz\libarduino_core.a(WString.o)
String::lastIndexOf(char, unsigned int) const     D:\Thesis\Arduino Workspace\arduino_core\328P_16MHz\libarduino_core.a(WString.o)
String::operator<(String const&) const            D:\Thesis\Arduino Workspace\arduino_core\328P_16MHz\libarduino_core.a(WString.o)
String::operator<=(String const&) const           D:\Thesis\Arduino Workspace\arduino_core\328P_16MHz\libarduino_core.a(WString.o)
String::operator=(String const&)                  D:\Thesis\Arduino Workspace\arduino_core\328P_16MHz\libarduino_core.a(WString.o)
String::operator=(char const*)                    D:\Thesis\Arduino Workspace\arduino_core\328P_16MHz\libarduino_core.a(WString.o)
                                                  ./src/CSensor.o
                                                  ./src/CBoat.o
String::operator>(String const&) const            D:\Thesis\Arduino Workspace\arduino_core\328P_16MHz\libarduino_core.a(WString.o)
String::operator>=(String const&) const           D:\Thesis\Arduino Workspace\arduino_core\328P_16MHz\libarduino_core.a(WString.o)
String::operator[](unsigned int)                  D:\Thesis\Arduino Workspace\arduino_core\328P_16MHz\libarduino_core.a(WString.o)
String::operator[](unsigned int) const            D:\Thesis\Arduino Workspace\arduino_core\328P_16MHz\libarduino_core.a(WString.o)
                                                  D:\Thesis\Arduino Workspace\arduino_core\328P_16MHz\libarduino_core.a(Print.o)
String::replace(String const&, String const&)     D:\Thesis\Arduino Workspace\arduino_core\328P_16MHz\libarduino_core.a(WString.o)
String::replace(char, char)                       D:\Thesis\Arduino Workspace\arduino_core\328P_16MHz\libarduino_core.a(WString.o)
String::reserve(unsigned int)                     D:\Thesis\Arduino Workspace\arduino_core\328P_16MHz\libarduino_core.a(WString.o)
String::setCharAt(unsigned int, char)             D:\Thesis\Arduino Workspace\arduino_core\328P_16MHz\libarduino_core.a(WString.o)
String::startsWith(String const&) const           D:\Thesis\Arduino Workspace\arduino_core\328P_16MHz\libarduino_core.a(WString.o)
String::startsWith(String const&, unsigned int) const D:\Thesis\Arduino Workspace\arduino_core\328P_16MHz\libarduino_core.a(WString.o)
String::substring(unsigned int) const             D:\Thesis\Arduino Workspace\arduino_core\328P_16MHz\libarduino_core.a(WString.o)
String::substring(unsigned int, unsigned int) const D:\Thesis\Arduino Workspace\arduino_core\328P_16MHz\libarduino_core.a(WString.o)
String::toInt() const                             D:\Thesis\Arduino Workspace\arduino_core\328P_16MHz\libarduino_core.a(WString.o)
                                                  ./src/CBoat.o
String::toLowerCase()                             D:\Thesis\Arduino Workspace\arduino_core\328P_16MHz\libarduino_core.a(WString.o)
String::toUpperCase()                             D:\Thesis\Arduino Workspace\arduino_core\328P_16MHz\libarduino_core.a(WString.o)
String::trim()                                    D:\Thesis\Arduino Workspace\arduino_core\328P_16MHz\libarduino_core.a(WString.o)
String::~String()                                 D:\Thesis\Arduino Workspace\arduino_core\328P_16MHz\libarduino_core.a(WString.o)
                                                  ./src/CSensor.o
                                                  ./src/CBoat.o
String::~String()                                 D:\Thesis\Arduino Workspace\arduino_core\328P_16MHz\libarduino_core.a(WString.o)
Tx16Request::Tx16Request()                        ./arduinolib/XBee.o
Tx16Request::Tx16Request()                        ./arduinolib/XBee.o
Tx16Request::Tx16Request(unsigned int, unsigned char*, unsigned char) ./arduinolib/XBee.o
Tx16Request::Tx16Request(unsigned int, unsigned char*, unsigned char) ./arduinolib/XBee.o
Tx16Request::Tx16Request(unsigned int, unsigned char, unsigned char*, unsigned char, unsigned char) ./arduinolib/XBee.o
Tx16Request::Tx16Request(unsigned int, unsigned char, unsigned char*, unsigned char, unsigned char) ./arduinolib/XBee.o
Tx16Request::getAddress16()                       ./arduinolib/XBee.o
Tx16Request::getFrameData(unsigned char)          ./arduinolib/XBee.o
Tx16Request::getFrameDataLength()                 ./arduinolib/XBee.o
Tx16Request::getOption()                          ./arduinolib/XBee.o
Tx16Request::setAddress16(unsigned int)           ./arduinolib/XBee.o